Archive member included to satisfy reference by file (symbol)

c:/program files (x86)/gnu arm embedded toolchain/9 2020-q2-update/bin/../lib/gcc/arm-none-eabi/9.3.1/../../../../arm-none-eabi/lib/thumb/v7e-m+dp/hard\libc.a(lib_a-exit.o)
                              c:/program files (x86)/gnu arm embedded toolchain/9 2020-q2-update/bin/../lib/gcc/arm-none-eabi/9.3.1/../../../../arm-none-eabi/lib/thumb/v7e-m+dp/hard/crt0.o (exit)
c:/program files (x86)/gnu arm embedded toolchain/9 2020-q2-update/bin/../lib/gcc/arm-none-eabi/9.3.1/../../../../arm-none-eabi/lib/thumb/v7e-m+dp/hard\libc.a(lib_a-impure.o)
                              c:/program files (x86)/gnu arm embedded toolchain/9 2020-q2-update/bin/../lib/gcc/arm-none-eabi/9.3.1/../../../../arm-none-eabi/lib/thumb/v7e-m+dp/hard\libc.a(lib_a-exit.o) (_global_impure_ptr)
c:/program files (x86)/gnu arm embedded toolchain/9 2020-q2-update/bin/../lib/gcc/arm-none-eabi/9.3.1/../../../../arm-none-eabi/lib/thumb/v7e-m+dp/hard\libc.a(lib_a-init.o)
                              c:/program files (x86)/gnu arm embedded toolchain/9 2020-q2-update/bin/../lib/gcc/arm-none-eabi/9.3.1/../../../../arm-none-eabi/lib/thumb/v7e-m+dp/hard/crt0.o (__libc_init_array)
c:/program files (x86)/gnu arm embedded toolchain/9 2020-q2-update/bin/../lib/gcc/arm-none-eabi/9.3.1/../../../../arm-none-eabi/lib/thumb/v7e-m+dp/hard\libc.a(lib_a-malloc.o)
                              build/usbd_hid.o (malloc)
c:/program files (x86)/gnu arm embedded toolchain/9 2020-q2-update/bin/../lib/gcc/arm-none-eabi/9.3.1/../../../../arm-none-eabi/lib/thumb/v7e-m+dp/hard\libc.a(lib_a-mallocr.o)
                              c:/program files (x86)/gnu arm embedded toolchain/9 2020-q2-update/bin/../lib/gcc/arm-none-eabi/9.3.1/../../../../arm-none-eabi/lib/thumb/v7e-m+dp/hard\libc.a(lib_a-malloc.o) (_malloc_r)
c:/program files (x86)/gnu arm embedded toolchain/9 2020-q2-update/bin/../lib/gcc/arm-none-eabi/9.3.1/../../../../arm-none-eabi/lib/thumb/v7e-m+dp/hard\libc.a(lib_a-memset.o)
                              c:/program files (x86)/gnu arm embedded toolchain/9 2020-q2-update/bin/../lib/gcc/arm-none-eabi/9.3.1/../../../../arm-none-eabi/lib/thumb/v7e-m+dp/hard/crt0.o (memset)
c:/program files (x86)/gnu arm embedded toolchain/9 2020-q2-update/bin/../lib/gcc/arm-none-eabi/9.3.1/../../../../arm-none-eabi/lib/thumb/v7e-m+dp/hard\libc.a(lib_a-mlock.o)
                              c:/program files (x86)/gnu arm embedded toolchain/9 2020-q2-update/bin/../lib/gcc/arm-none-eabi/9.3.1/../../../../arm-none-eabi/lib/thumb/v7e-m+dp/hard\libc.a(lib_a-mallocr.o) (__malloc_lock)
c:/program files (x86)/gnu arm embedded toolchain/9 2020-q2-update/bin/../lib/gcc/arm-none-eabi/9.3.1/../../../../arm-none-eabi/lib/thumb/v7e-m+dp/hard\libc.a(lib_a-sbrkr.o)
                              c:/program files (x86)/gnu arm embedded toolchain/9 2020-q2-update/bin/../lib/gcc/arm-none-eabi/9.3.1/../../../../arm-none-eabi/lib/thumb/v7e-m+dp/hard\libc.a(lib_a-mallocr.o) (_sbrk_r)
c:/program files (x86)/gnu arm embedded toolchain/9 2020-q2-update/bin/../lib/gcc/arm-none-eabi/9.3.1/../../../../arm-none-eabi/lib/thumb/v7e-m+dp/hard\libc.a(lib_a-__call_atexit.o)
                              c:/program files (x86)/gnu arm embedded toolchain/9 2020-q2-update/bin/../lib/gcc/arm-none-eabi/9.3.1/../../../../arm-none-eabi/lib/thumb/v7e-m+dp/hard\libc.a(lib_a-exit.o) (__call_exitprocs)
c:/program files (x86)/gnu arm embedded toolchain/9 2020-q2-update/bin/../lib/gcc/arm-none-eabi/9.3.1/../../../../arm-none-eabi/lib/thumb/v7e-m+dp/hard\libc.a(lib_a-atexit.o)
                              c:/program files (x86)/gnu arm embedded toolchain/9 2020-q2-update/bin/../lib/gcc/arm-none-eabi/9.3.1/../../../../arm-none-eabi/lib/thumb/v7e-m+dp/hard\libc.a(lib_a-__call_atexit.o) (atexit)
c:/program files (x86)/gnu arm embedded toolchain/9 2020-q2-update/bin/../lib/gcc/arm-none-eabi/9.3.1/../../../../arm-none-eabi/lib/thumb/v7e-m+dp/hard\libc.a(lib_a-fini.o)
                              c:/program files (x86)/gnu arm embedded toolchain/9 2020-q2-update/bin/../lib/gcc/arm-none-eabi/9.3.1/../../../../arm-none-eabi/lib/thumb/v7e-m+dp/hard\libc.a(lib_a-__call_atexit.o) (__libc_fini_array)
c:/program files (x86)/gnu arm embedded toolchain/9 2020-q2-update/bin/../lib/gcc/arm-none-eabi/9.3.1/../../../../arm-none-eabi/lib/thumb/v7e-m+dp/hard\libc.a(lib_a-freer.o)
                              c:/program files (x86)/gnu arm embedded toolchain/9 2020-q2-update/bin/../lib/gcc/arm-none-eabi/9.3.1/../../../../arm-none-eabi/lib/thumb/v7e-m+dp/hard\libc.a(lib_a-malloc.o) (_free_r)
c:/program files (x86)/gnu arm embedded toolchain/9 2020-q2-update/bin/../lib/gcc/arm-none-eabi/9.3.1/../../../../arm-none-eabi/lib/thumb/v7e-m+dp/hard\libc.a(lib_a-lock.o)
[...]
Memory Configuration

Name             Origin             Length             Attributes
DTCMRAM          0x20000000         0x00020000         xrw
RAM_D1           0x24000000         0x00080000         xrw
RAM_D2           0x30000000         0x00048000         xrw
RAM_D3           0x38000000         0x00010000         xrw
ITCMRAM          0x00000000         0x00010000         xrw
FLASH            0x08000000         0x00200000         xr
*default*        0x00000000         0xffffffff

Linker script and memory map

LOAD c:/program files (x86)/gnu arm embedded toolchain/9 2020-q2-update/bin/../lib/gcc/arm-none-eabi/9.3.1/thumb/v7e-m+dp/hard/crti.o
LOAD c:/program files (x86)/gnu arm embedded toolchain/9 2020-q2-update/bin/../lib/gcc/arm-none-eabi/9.3.1/thumb/v7e-m+dp/hard/crtbegin.o
LOAD c:/program files (x86)/gnu arm embedded toolchain/9 2020-q2-update/bin/../lib/gcc/arm-none-eabi/9.3.1/../../../../arm-none-eabi/lib/thumb/v7e-m+dp/hard/crt0.o
LOAD build/stm32h7xx_hal.o
LOAD build/stm32h7xx_hal_cortex.o
LOAD build/stm32h7xx_hal_dma.o
LOAD build/stm32h7xx_hal_dma_ex.o
LOAD build/stm32h7xx_hal_eth.o
LOAD build/stm32h7xx_hal_eth_ex.o
LOAD build/stm32h7xx_hal_exti.o
LOAD build/stm32h7xx_hal_flash.o
LOAD build/stm32h7xx_hal_flash_ex.o
LOAD build/stm32h7xx_hal_gpio.o
LOAD build/stm32h7xx_hal_hsem.o
LOAD build/stm32h7xx_hal_i2c.o
LOAD build/stm32h7xx_hal_i2c_ex.o
LOAD build/stm32h7xx_hal_mdma.o
LOAD build/stm32h7xx_hal_pcd.o
LOAD build/stm32h7xx_hal_pcd_ex.o
LOAD build/stm32h7xx_hal_pwr.o
LOAD build/stm32h7xx_hal_pwr_ex.o
LOAD build/stm32h7xx_hal_rcc.o
LOAD build/stm32h7xx_hal_rcc_ex.o
LOAD build/stm32h7xx_hal_tim.o
LOAD build/stm32h7xx_hal_tim_ex.o
LOAD build/stm32h7xx_hal_uart.o
LOAD build/stm32h7xx_hal_uart_ex.o
LOAD build/stm32h7xx_ll_usb.o
LOAD build/usbd_hid.o
LOAD build/usbd_core.o
LOAD build/usbd_ctlreq.o
LOAD build/usbd_ioreq.o
LOAD build/eth.o
LOAD build/gpio.o
LOAD build/main.o
LOAD build/stm32h7xx_hal_msp.o
LOAD build/stm32h7xx_it.o
LOAD build/system_stm32h7xx.o
LOAD build/usart.o
LOAD build/usb_device.o
LOAD build/usbd_conf.o
LOAD build/usbd_desc.o
LOAD build/startup_stm32h743xx.o
LOAD c:/program files (x86)/gnu arm embedded toolchain/9 2020-q2-update/bin/../lib/gcc/arm-none-eabi/9.3.1/../../../../arm-none-eabi/lib/thumb/v7e-m+dp/hard\libc.a
LOAD c:/program files (x86)/gnu arm embedded toolchain/9 2020-q2-update/bin/../lib/gcc/arm-none-eabi/9.3.1/../../../../arm-none-eabi/lib/thumb/v7e-m+dp/hard\libm.a
LOAD c:/program files (x86)/gnu arm embedded toolchain/9 2020-q2-update/bin/../lib/gcc/arm-none-eabi/9.3.1/../../../../arm-none-eabi/lib/thumb/v7e-m+dp/hard\libnosys.a
START GROUP
LOAD c:/program files (x86)/gnu arm embedded toolchain/9 2020-q2-update/bin/../lib/gcc/arm-none-eabi/9.3.1/thumb/v7e-m+dp/hard\libgcc.a
LOAD c:/program files (x86)/gnu arm embedded toolchain/9 2020-q2-update/bin/../lib/gcc/arm-none-eabi/9.3.1/../../../../arm-none-eabi/lib/thumb/v7e-m+dp/hard\libc.a
END GROUP
START GROUP
LOAD c:/program files (x86)/gnu arm embedded toolchain/9 2020-q2-update/bin/../lib/gcc/arm-none-eabi/9.3.1/thumb/v7e-m+dp/hard\libgcc.a
LOAD c:/program files (x86)/gnu arm embedded toolchain/9 2020-q2-update/bin/../lib/gcc/arm-none-eabi/9.3.1/../../../../arm-none-eabi/lib/thumb/v7e-m+dp/hard\libc.a
LOAD c:/program files (x86)/gnu arm embedded toolchain/9 2020-q2-update/bin/../lib/gcc/arm-none-eabi/9.3.1/../../../../arm-none-eabi/lib/thumb/v7e-m+dp/hard\libnosys.a
END GROUP
LOAD c:/program files (x86)/gnu arm embedded toolchain/9 2020-q2-update/bin/../lib/gcc/arm-none-eabi/9.3.1/thumb/v7e-m+dp/hard/crtend.o
LOAD c:/program files (x86)/gnu arm embedded toolchain/9 2020-q2-update/bin/../lib/gcc/arm-none-eabi/9.3.1/thumb/v7e-m+dp/hard/crtn.o
                0x20020000                _estack = 0x20020000
                0x00000200                _Min_Heap_Size = 0x200
                0x00000400                _Min_Stack_Size = 0x400

.isr_vector     0x08000000      0x298
                0x08000000                . = ALIGN (0x4)
 *(.isr_vector)
 .isr_vector    0x08000000      0x298 build/startup_stm32h743xx.o
                0x08000000                g_pfnVectors
                0x08000298                . = ALIGN (0x4)

.text           0x08000298     0x6bbc
                0x08000298                . = ALIGN (0x4)
 *(.text)
 .text          0x08000298       0x40 c:/program files (x86)/gnu arm embedded toolchain/9 2020-q2-update/bin/../lib/gcc/arm-none-eabi/9.3.1/thumb/v7e-m+dp/hard/crtbegin.o
 .text          0x080002d8       0x30 c:/program files (x86)/gnu arm embedded toolchain/9 2020-q2-update/bin/../lib/gcc/arm-none-eabi/9.3.1/thumb/v7e-m+dp/hard\libgcc.a(_aeabi_uldivmod.o)
                0x080002d8                __aeabi_uldivmod
 .text          0x08000308      0x2c4 c:/program files (x86)/gnu arm embedded toolchain/9 2020-q2-update/bin/../lib/gcc/arm-none-eabi/9.3.1/thumb/v7e-m+dp/hard\libgcc.a(_udivmoddi4.o)
                0x08000308                __udivmoddi4
 .text          0x080005cc        0x4 c:/program files (x86)/gnu arm embedded toolchain/9 2020-q2-update/bin/../lib/gcc/arm-none-eabi/9.3.1/thumb/v7e-m+dp/hard\libgcc.a(_dvmd_tls.o)
                0x080005cc                __aeabi_idiv0
                0x080005cc                __aeabi_ldiv0
 *(.text*)
 .text.HAL_MspDeInit
                0x080005d0        0x2 build/stm32h7xx_hal.o
                0x080005d0                HAL_MspDeInit
 *fill*         0x080005d2        0x2 
 .text.HAL_DeInit
                0x080005d4       0x84 build/stm32h7xx_hal.o
                0x080005d4                HAL_DeInit
 .text.HAL_InitTick
                0x08000658       0x50 build/stm32h7xx_hal.o
                0x08000658                HAL_InitTick
 .text.HAL_Init
                0x080006a8       0x5c build/stm32h7xx_hal.o
                0x080006a8                HAL_Init
 .text.HAL_IncTick
                0x08000704       0x18 build/stm32h7xx_hal.o
                0x08000704                HAL_IncTick
 .text.HAL_GetTick
                0x0800071c        0xc build/stm32h7xx_hal.o
                0x0800071c                HAL_GetTick
 .text.HAL_Delay
                0x08000728       0x28 build/stm32h7xx_hal.o
                0x08000728                HAL_Delay
 .text.HAL_GetREVID
                0x08000750        0xc build/stm32h7xx_hal.o
                0x08000750                HAL_GetREVID
 .text.HAL_SYSCFG_ETHInterfaceSelect
                0x0800075c       0x14 build/stm32h7xx_hal.o
                0x0800075c                HAL_SYSCFG_ETHInterfaceSelect
 .text.HAL_NVIC_SetPriorityGrouping
                0x08000770       0x24 build/stm32h7xx_hal_cortex.o
                0x08000770                HAL_NVIC_SetPriorityGrouping
 .text.HAL_NVIC_SetPriority
                0x08000794       0x64 build/stm32h7xx_hal_cortex.o
                0x08000794                HAL_NVIC_SetPriority
 .text.HAL_NVIC_EnableIRQ
                0x080007f8       0x1c build/stm32h7xx_hal_cortex.o
                0x080007f8                HAL_NVIC_EnableIRQ
 .text.HAL_SYSTICK_Config
                0x08000814       0x2c build/stm32h7xx_hal_cortex.o
                0x08000814                HAL_SYSTICK_Config
 .text.ETH_SetMACConfig
                0x08000840      0x1b0 build/stm32h7xx_hal_eth.o
 .text.ETH_SetDMAConfig
                0x080009f0       0x98 build/stm32h7xx_hal_eth.o
 .text.ETH_MACDMAConfig
                0x08000a88       0xdc build/stm32h7xx_hal_eth.o
 .text.ETH_DMATxDescListInit
                0x08000b64       0x4e build/stm32h7xx_hal_eth.o
 .text.ETH_DMARxDescListInit
                0x08000bb2       0x60 build/stm32h7xx_hal_eth.o
 *fill*         0x08000c12        0x2 
 .text.ETH_MAC_MDIO_ClkConfig
                0x08000c14       0x78 build/stm32h7xx_hal_eth.o
 .text.HAL_ETH_Init
                0x08000c8c      0x130 build/stm32h7xx_hal_eth.o
                0x08000c8c                HAL_ETH_Init
 .text.HAL_GPIO_Init
                0x08000dbc      0x1e4 build/stm32h7xx_hal_gpio.o
                0x08000dbc                HAL_GPIO_Init
 .text.HAL_GPIO_ReadPin
                0x08000fa0        0xe build/stm32h7xx_hal_gpio.o
                0x08000fa0                HAL_GPIO_ReadPin
 .text.HAL_GPIO_WritePin
                0x08000fae        0xc build/stm32h7xx_hal_gpio.o
                0x08000fae                HAL_GPIO_WritePin
 .text.HAL_GPIO_TogglePin
                0x08000fba       0x12 build/stm32h7xx_hal_gpio.o
                0x08000fba                HAL_GPIO_TogglePin
 .text.PCD_WriteEmptyTxFifo
                0x08000fcc       0xd2 build/stm32h7xx_hal_pcd.o
 .text.HAL_PCD_Init
                0x0800109e      0x134 build/stm32h7xx_hal_pcd.o
                0x0800109e                HAL_PCD_Init
 .text.HAL_PCD_Start
                0x080011d2       0x42 build/stm32h7xx_hal_pcd.o
                0x080011d2                HAL_PCD_Start
 .text.PCD_EP_OutXfrComplete_int
                0x08001214       0xf8 build/stm32h7xx_hal_pcd.o
 .text.PCD_EP_OutSetupPacket_int
                0x0800130c       0x50 build/stm32h7xx_hal_pcd.o
 .text.HAL_PCD_IRQHandler
                0x0800135c      0x4ee build/stm32h7xx_hal_pcd.o
                0x0800135c                HAL_PCD_IRQHandler
 .text.HAL_PCD_SetAddress
                0x0800184a       0x28 build/stm32h7xx_hal_pcd.o
                0x0800184a                HAL_PCD_SetAddress
 .text.HAL_PCD_EP_Open
                0x08001872       0x86 build/stm32h7xx_hal_pcd.o
                0x08001872                HAL_PCD_EP_Open
 .text.HAL_PCD_EP_Close
                0x080018f8       0x72 build/stm32h7xx_hal_pcd.o
                0x080018f8                HAL_PCD_EP_Close
 .text.HAL_PCD_EP_Receive
                0x0800196a       0x5e build/stm32h7xx_hal_pcd.o
                0x0800196a                HAL_PCD_EP_Receive
 .text.HAL_PCD_EP_Transmit
                0x080019c8       0x56 build/stm32h7xx_hal_pcd.o
                0x080019c8                HAL_PCD_EP_Transmit
 .text.HAL_PCD_EP_SetStall
                0x08001a1e       0x88 build/stm32h7xx_hal_pcd.o
                0x08001a1e                HAL_PCD_EP_SetStall
 .text.HAL_PCD_EP_ClrStall
                0x08001aa6       0x76 build/stm32h7xx_hal_pcd.o
                0x08001aa6                HAL_PCD_EP_ClrStall
 .text.HAL_PCDEx_SetTxFiFo
                0x08001b1c       0x48 build/stm32h7xx_hal_pcd_ex.o
                0x08001b1c                HAL_PCDEx_SetTxFiFo
 .text.HAL_PCDEx_SetRxFiFo
                0x08001b64        0x8 build/stm32h7xx_hal_pcd_ex.o
                0x08001b64                HAL_PCDEx_SetRxFiFo
 .text.HAL_PCDEx_ActivateLPM
                0x08001b6c       0x28 build/stm32h7xx_hal_pcd_ex.o
                0x08001b6c                HAL_PCDEx_ActivateLPM
 .text.HAL_PCDEx_LPM_Callback
                0x08001b94        0x2 build/stm32h7xx_hal_pcd_ex.o
                0x08001b94                HAL_PCDEx_LPM_Callback
 *fill*         0x08001b96        0x2 
 .text.HAL_PWREx_ConfigSupply
                0x08001b98       0x54 build/stm32h7xx_hal_pwr_ex.o
                0x08001b98                HAL_PWREx_ConfigSupply
 .text.HAL_PWREx_EnableUSBVoltageDetector
                0x08001bec       0x10 build/stm32h7xx_hal_pwr_ex.o
                0x08001bec                HAL_PWREx_EnableUSBVoltageDetector
 .text.HAL_RCC_DeInit
                0x08001bfc      0x1cc build/stm32h7xx_hal_rcc.o
                0x08001bfc                HAL_RCC_DeInit
 .text.HAL_RCC_OscConfig
                0x08001dc8      0x64c build/stm32h7xx_hal_rcc.o
                0x08001dc8                HAL_RCC_OscConfig
 .text.HAL_RCC_GetSysClockFreq
                0x08002414      0x1f4 build/stm32h7xx_hal_rcc.o
                0x08002414                HAL_RCC_GetSysClockFreq
 .text.HAL_RCC_ClockConfig
                0x08002608      0x294 build/stm32h7xx_hal_rcc.o
                0x08002608                HAL_RCC_ClockConfig
 .text.HAL_RCC_GetHCLKFreq
                0x0800289c       0x44 build/stm32h7xx_hal_rcc.o
                0x0800289c                HAL_RCC_GetHCLKFreq
 .text.HAL_RCC_GetPCLK1Freq
                0x080028e0       0x24 build/stm32h7xx_hal_rcc.o
                0x080028e0                HAL_RCC_GetPCLK1Freq
 .text.HAL_RCC_GetPCLK2Freq
                0x08002904       0x24 build/stm32h7xx_hal_rcc.o
                0x08002904                HAL_RCC_GetPCLK2Freq
 .text.RCCEx_PLL2_Config
                0x08002928      0x10c build/stm32h7xx_hal_rcc_ex.o
 .text.RCCEx_PLL3_Config
                0x08002a34      0x10c build/stm32h7xx_hal_rcc_ex.o
 .text.HAL_RCCEx_PeriphCLKConfig
                0x08002b40      0x9ac build/stm32h7xx_hal_rcc_ex.o
                0x08002b40                HAL_RCCEx_PeriphCLKConfig
 .text.HAL_RCCEx_GetD3PCLK1Freq
                0x080034ec       0x24 build/stm32h7xx_hal_rcc_ex.o
                0x080034ec                HAL_RCCEx_GetD3PCLK1Freq
 .text.HAL_RCCEx_GetPLL2ClockFreq
                0x08003510      0x1fc build/stm32h7xx_hal_rcc_ex.o
                0x08003510                HAL_RCCEx_GetPLL2ClockFreq
 .text.HAL_RCCEx_GetPLL3ClockFreq
                0x0800370c      0x1fc build/stm32h7xx_hal_rcc_ex.o
                0x0800370c                HAL_RCCEx_GetPLL3ClockFreq
 .text.UART_SetConfig
                0x08003908      0x600 build/stm32h7xx_hal_uart.o
                0x08003908                UART_SetConfig
 .text.UART_AdvFeatureConfig
                0x08003f08       0xca build/stm32h7xx_hal_uart.o
                0x08003f08                UART_AdvFeatureConfig
 .text.UART_WaitOnFlagUntilTimeout
                0x08003fd2       0xac build/stm32h7xx_hal_uart.o
                0x08003fd2                UART_WaitOnFlagUntilTimeout
 .text.UART_CheckIdleState
                0x0800407e       0x72 build/stm32h7xx_hal_uart.o
                0x0800407e                UART_CheckIdleState
 .text.HAL_UART_Init
                0x080040f0       0x66 build/stm32h7xx_hal_uart.o
                0x080040f0                HAL_UART_Init
 *fill*         0x08004156        0x2 
 .text.UARTEx_SetNbDataToProcess
                0x08004158       0x70 build/stm32h7xx_hal_uart_ex.o
 .text.HAL_UARTEx_DisableFifoMode
                0x080041c8       0x3e build/stm32h7xx_hal_uart_ex.o
                0x080041c8                HAL_UARTEx_DisableFifoMode
 .text.HAL_UARTEx_SetTxFifoThreshold
                0x08004206       0x4a build/stm32h7xx_hal_uart_ex.o
                0x08004206                HAL_UARTEx_SetTxFifoThreshold
 .text.HAL_UARTEx_SetRxFifoThreshold
                0x08004250       0x4a build/stm32h7xx_hal_uart_ex.o
                0x08004250                HAL_UARTEx_SetRxFifoThreshold
 *fill*         0x0800429a        0x2 
 .text.USB_CoreReset
                0x0800429c       0x3c build/stm32h7xx_ll_usb.o
 .text.USB_CoreInit
                0x080042d8       0x8c build/stm32h7xx_ll_usb.o
                0x080042d8                USB_CoreInit
 .text.USB_SetTurnaroundTime
                0x08004364       0xe4 build/stm32h7xx_ll_usb.o
                0x08004364                USB_SetTurnaroundTime
 .text.USB_EnableGlobalInt
                0x08004448        0xc build/stm32h7xx_ll_usb.o
                0x08004448                USB_EnableGlobalInt
 .text.USB_DisableGlobalInt
                0x08004454        0xc build/stm32h7xx_ll_usb.o
                0x08004454                USB_DisableGlobalInt
 .text.USB_SetCurrentMode
                0x08004460       0x30 build/stm32h7xx_ll_usb.o
                0x08004460                USB_SetCurrentMode
 .text.USB_FlushTxFifo
                0x08004490       0x28 build/stm32h7xx_ll_usb.o
                0x08004490                USB_FlushTxFifo
 .text.USB_FlushRxFifo
                0x080044b8       0x24 build/stm32h7xx_ll_usb.o
                0x080044b8                USB_FlushRxFifo
 .text.USB_SetDevSpeed
                0x080044dc        0xe build/stm32h7xx_ll_usb.o
                0x080044dc                USB_SetDevSpeed
 *fill*         0x080044ea        0x2 
 .text.USB_DevInit
                0x080044ec      0x190 build/stm32h7xx_ll_usb.o
                0x080044ec                USB_DevInit
 .text.USB_GetDevSpeed
                0x0800467c       0x1e build/stm32h7xx_ll_usb.o
                0x0800467c                USB_GetDevSpeed
 *fill*         0x0800469a        0x2 
 .text.USB_ActivateEndpoint
                0x0800469c       0x90 build/stm32h7xx_ll_usb.o
                0x0800469c                USB_ActivateEndpoint
 .text.USB_DeactivateEndpoint
                0x0800472c       0xdc build/stm32h7xx_ll_usb.o
                0x0800472c                USB_DeactivateEndpoint
 .text.USB_EP0StartXfer
                0x08004808      0x118 build/stm32h7xx_ll_usb.o
                0x08004808                USB_EP0StartXfer
 .text.USB_WritePacket
                0x08004920       0x28 build/stm32h7xx_ll_usb.o
                0x08004920                USB_WritePacket
 .text.USB_EPStartXfer
                0x08004948      0x214 build/stm32h7xx_ll_usb.o
                0x08004948                USB_EPStartXfer
 .text.USB_ReadPacket
                0x08004b5c       0x22 build/stm32h7xx_ll_usb.o
                0x08004b5c                USB_ReadPacket
 .text.USB_EPSetStall
                0x08004b7e       0x5a build/stm32h7xx_ll_usb.o
                0x08004b7e                USB_EPSetStall
 .text.USB_EPClearStall
                0x08004bd8       0x5c build/stm32h7xx_ll_usb.o
                0x08004bd8                USB_EPClearStall
 .text.USB_SetDevAddress
                0x08004c34       0x20 build/stm32h7xx_ll_usb.o
                0x08004c34                USB_SetDevAddress
 .text.USB_DevConnect
                0x08004c54       0x18 build/stm32h7xx_ll_usb.o
                0x08004c54                USB_DevConnect
 .text.USB_DevDisconnect
                0x08004c6c       0x18 build/stm32h7xx_ll_usb.o
                0x08004c6c                USB_DevDisconnect
 .text.USB_ReadInterrupts
                0x08004c84        0x8 build/stm32h7xx_ll_usb.o
                0x08004c84                USB_ReadInterrupts
 .text.USB_ReadDevAllOutEpInterrupt
                0x08004c8c       0x10 build/stm32h7xx_ll_usb.o
                0x08004c8c                USB_ReadDevAllOutEpInterrupt
 .text.USB_ReadDevAllInEpInterrupt
                0x08004c9c       0x10 build/stm32h7xx_ll_usb.o
                0x08004c9c                USB_ReadDevAllInEpInterrupt
 .text.USB_ReadDevOutEPInterrupt
                0x08004cac       0x12 build/stm32h7xx_ll_usb.o
                0x08004cac                USB_ReadDevOutEPInterrupt
 .text.USB_ReadDevInEPInterrupt
                0x08004cbe       0x28 build/stm32h7xx_ll_usb.o
                0x08004cbe                USB_ReadDevInEPInterrupt
 .text.USB_GetMode
                0x08004ce6        0x8 build/stm32h7xx_ll_usb.o
                0x08004ce6                USB_GetMode
 *fill*         0x08004cee        0x2 
 .text.USB_ActivateSetup
                0x08004cf0       0x20 build/stm32h7xx_ll_usb.o
                0x08004cf0                USB_ActivateSetup
 .text.USB_EP0_OutStart
                0x08004d10       0x60 build/stm32h7xx_ll_usb.o
                0x08004d10                USB_EP0_OutStart
 .text.USBD_HID_GetFSCfgDesc
                0x08004d70        0xc build/usbd_hid.o
 .text.USBD_HID_GetHSCfgDesc
                0x08004d7c        0xc build/usbd_hid.o
 .text.USBD_HID_GetOtherSpeedCfgDesc
                0x08004d88        0xc build/usbd_hid.o
 .text.USBD_HID_DataIn
                0x08004d94        0xa build/usbd_hid.o
 *fill*         0x08004d9e        0x2 
 .text.USBD_HID_GetDeviceQualifierDesc
                0x08004da0        0xc build/usbd_hid.o
 .text.USBD_HID_Setup
                0x08004dac      0x114 build/usbd_hid.o
 .text.USBD_HID_DeInit
                0x08004ec0       0x24 build/usbd_hid.o
 .text.USBD_HID_Init
                0x08004ee4       0x40 build/usbd_hid.o
 .text.USBD_Init
                0x08004f24       0x38 build/usbd_core.o
                0x08004f24                USBD_Init
 .text.USBD_RegisterClass
                0x08004f5c       0x28 build/usbd_core.o
                0x08004f5c                USBD_RegisterClass
 .text.USBD_Start
                0x08004f84        0x8 build/usbd_core.o
                0x08004f84                USBD_Start
 .text.USBD_SetClassConfig
                0x08004f8c       0x12 build/usbd_core.o
                0x08004f8c                USBD_SetClassConfig
 .text.USBD_ClrClassConfig
                0x08004f9e       0x10 build/usbd_core.o
                0x08004f9e                USBD_ClrClassConfig
 .text.USBD_LL_SetupStage
                0x08004fae       0x58 build/usbd_core.o
                0x08004fae                USBD_LL_SetupStage
 .text.USBD_LL_DataOutStage
                0x08005006       0x72 build/usbd_core.o
                0x08005006                USBD_LL_DataOutStage
 .text.USBD_LL_DataInStage
                0x08005078       0xb8 build/usbd_core.o
                0x08005078                USBD_LL_DataInStage
 .text.USBD_LL_Reset
                0x08005130       0x52 build/usbd_core.o
                0x08005130                USBD_LL_Reset
 .text.USBD_LL_SetSpeed
                0x08005182        0x6 build/usbd_core.o
                0x08005182                USBD_LL_SetSpeed
 .text.USBD_LL_Suspend
                0x08005188       0x12 build/usbd_core.o
                0x08005188                USBD_LL_Suspend
 .text.USBD_LL_Resume
                0x0800519a       0x16 build/usbd_core.o
                0x0800519a                USBD_LL_Resume
 .text.USBD_LL_SOF
                0x080051b0       0x1c build/usbd_core.o
                0x080051b0                USBD_LL_SOF
 .text.USBD_LL_IsoINIncomplete
                0x080051cc        0x4 build/usbd_core.o
                0x080051cc                USBD_LL_IsoINIncomplete
 .text.USBD_LL_IsoOUTIncomplete
                0x080051d0        0x4 build/usbd_core.o
                0x080051d0                USBD_LL_IsoOUTIncomplete
 .text.USBD_LL_DevConnected
                0x080051d4        0x4 build/usbd_core.o
                0x080051d4                USBD_LL_DevConnected
 .text.USBD_LL_DevDisconnected
                0x080051d8       0x18 build/usbd_core.o
                0x080051d8                USBD_LL_DevDisconnected
 .text.USBD_GetLen
                0x080051f0       0x12 build/usbd_ctlreq.o
 .text.USBD_SetFeature
                0x08005202       0x14 build/usbd_ctlreq.o
 .text.USBD_ParseSetupRequest
                0x08005216       0x28 build/usbd_ctlreq.o
                0x08005216                USBD_ParseSetupRequest
 .text.USBD_CtlError
                0x0800523e       0x14 build/usbd_ctlreq.o
                0x0800523e                USBD_CtlError
 .text.USBD_GetDescriptor
                0x08005252      0x18a build/usbd_ctlreq.o
 .text.USBD_SetAddress
                0x080053dc       0x4e build/usbd_ctlreq.o
 *fill*         0x0800542a        0x2 
 .text.USBD_SetConfig
                0x0800542c       0xc4 build/usbd_ctlreq.o
 .text.USBD_GetConfig
                0x080054f0       0x3e build/usbd_ctlreq.o
 .text.USBD_GetStatus
                0x0800552e       0x38 build/usbd_ctlreq.o
 .text.USBD_ClrFeature
                0x08005566       0x26 build/usbd_ctlreq.o
 .text.USBD_StdDevReq
                0x0800558c       0x70 build/usbd_ctlreq.o
                0x0800558c                USBD_StdDevReq
 .text.USBD_StdItfReq
                0x080055fc       0x68 build/usbd_ctlreq.o
                0x080055fc                USBD_StdItfReq
 .text.USBD_StdEPReq
                0x08005664      0x212 build/usbd_ctlreq.o
                0x08005664                USBD_StdEPReq
 .text.USBD_GetString
                0x08005876       0x36 build/usbd_ctlreq.o
                0x08005876                USBD_GetString
 .text.USBD_CtlSendData
                0x080058ac       0x1a build/usbd_ioreq.o
                0x080058ac                USBD_CtlSendData
 .text.USBD_CtlContinueSendData
                0x080058c6       0x10 build/usbd_ioreq.o
                0x080058c6                USBD_CtlContinueSendData
 .text.USBD_CtlContinueRx
                0x080058d6       0x10 build/usbd_ioreq.o
                0x080058d6                USBD_CtlContinueRx
 .text.USBD_CtlSendStatus
                0x080058e6       0x16 build/usbd_ioreq.o
                0x080058e6                USBD_CtlSendStatus
 .text.USBD_CtlReceiveStatus
                0x080058fc       0x16 build/usbd_ioreq.o
                0x080058fc                USBD_CtlReceiveStatus
 *fill*         0x08005912        0x2 
 .text.MX_ETH_Init
                0x08005914       0x74 build/eth.o
                0x08005914                MX_ETH_Init
 .text.HAL_ETH_MspInit
                0x08005988      0x13c build/eth.o
                0x08005988                HAL_ETH_MspInit
 .text.MX_GPIO_Init
                0x08005ac4      0x168 build/gpio.o
                0x08005ac4                MX_GPIO_Init
 .text.enterDFU
                0x08005c2c       0x20 build/main.o
                0x08005c2c                enterDFU
 .text.SystemClock_Config
                0x08005c4c       0xd8 build/main.o
                0x08005c4c                SystemClock_Config
 .text.main     0x08005d24       0x48 build/main.o
                0x08005d24                main
 .text.Error_Handler
                0x08005d6c        0x2 build/main.o
                0x08005d6c                Error_Handler
 *fill*         0x08005d6e        0x2 
 .text.HAL_MspInit
                0x08005d70       0x24 build/stm32h7xx_hal_msp.o
                0x08005d70                HAL_MspInit
 .text.NMI_Handler
                0x08005d94        0x2 build/stm32h7xx_it.o
                0x08005d94                NMI_Handler
 .text.HardFault_Handler
                0x08005d96        0x2 build/stm32h7xx_it.o
                0x08005d96                HardFault_Handler
 .text.MemManage_Handler
                0x08005d98        0x2 build/stm32h7xx_it.o
                0x08005d98                MemManage_Handler
 .text.BusFault_Handler
                0x08005d9a        0x2 build/stm32h7xx_it.o
                0x08005d9a                BusFault_Handler
 .text.UsageFault_Handler
                0x08005d9c        0x2 build/stm32h7xx_it.o
                0x08005d9c                UsageFault_Handler
 .text.SVC_Handler
                0x08005d9e        0x2 build/stm32h7xx_it.o
                0x08005d9e                SVC_Handler
 .text.DebugMon_Handler
                0x08005da0        0x2 build/stm32h7xx_it.o
                0x08005da0                DebugMon_Handler
 .text.PendSV_Handler
                0x08005da2        0x2 build/stm32h7xx_it.o
                0x08005da2                PendSV_Handler
 .text.SysTick_Handler
                0x08005da4        0x8 build/stm32h7xx_it.o
                0x08005da4                SysTick_Handler
 .text.OTG_FS_IRQHandler
                0x08005dac       0x10 build/stm32h7xx_it.o
                0x08005dac                OTG_FS_IRQHandler
 .text.SystemInit
                0x08005dbc       0xd4 build/system_stm32h7xx.o
                0x08005dbc                SystemInit
 .text.MX_USART3_UART_Init
                0x08005e90       0x68 build/usart.o
                0x08005e90                MX_USART3_UART_Init
 .text.HAL_UART_MspInit
                0x08005ef8       0x7c build/usart.o
                0x08005ef8                HAL_UART_MspInit
 .text.MX_USB_DEVICE_Init
                0x08005f74       0x44 build/usb_device.o
                0x08005f74                MX_USB_DEVICE_Init
 .text.HAL_PCD_MspInit
                0x08005fb8       0x9c build/usbd_conf.o
                0x08005fb8                HAL_PCD_MspInit
 .text.HAL_PCD_SetupStageCallback
                0x08006054       0x10 build/usbd_conf.o
                0x08006054                HAL_PCD_SetupStageCallback
 .text.HAL_PCD_DataOutStageCallback
                0x08006064       0x18 build/usbd_conf.o
                0x08006064                HAL_PCD_DataOutStageCallback
 .text.HAL_PCD_DataInStageCallback
                0x0800607c       0x16 build/usbd_conf.o
                0x0800607c                HAL_PCD_DataInStageCallback
 .text.HAL_PCD_SOFCallback
                0x08006092        0xc build/usbd_conf.o
                0x08006092                HAL_PCD_SOFCallback
 .text.HAL_PCD_ResetCallback
                0x0800609e       0x2c build/usbd_conf.o
                0x0800609e                HAL_PCD_ResetCallback
 *fill*         0x080060ca        0x2 
 .text.HAL_PCD_SuspendCallback
                0x080060cc       0x30 build/usbd_conf.o
                0x080060cc                HAL_PCD_SuspendCallback
 .text.HAL_PCD_ResumeCallback
                0x080060fc        0xc build/usbd_conf.o
                0x080060fc                HAL_PCD_ResumeCallback
 .text.HAL_PCD_ISOOUTIncompleteCallback
                0x08006108        0xc build/usbd_conf.o
                0x08006108                HAL_PCD_ISOOUTIncompleteCallback
 .text.HAL_PCD_ISOINIncompleteCallback
                0x08006114        0xc build/usbd_conf.o
                0x08006114                HAL_PCD_ISOINIncompleteCallback
 .text.HAL_PCD_ConnectCallback
                0x08006120        0xc build/usbd_conf.o
                0x08006120                HAL_PCD_ConnectCallback
 .text.HAL_PCD_DisconnectCallback
                0x0800612c        0xc build/usbd_conf.o
                0x0800612c                HAL_PCD_DisconnectCallback
 .text.USBD_LL_Init
                0x08006138       0x6c build/usbd_conf.o
                0x08006138                USBD_LL_Init
 .text.USBD_LL_IsStallEP
                0x080061a4       0x2e build/usbd_conf.o
                0x080061a4                USBD_LL_IsStallEP
 .text.USBD_Get_USB_Status
                0x080061d2       0x14 build/usbd_conf.o
                0x080061d2                USBD_Get_USB_Status
 .text.USBD_LL_Start
                0x080061e6       0x10 build/usbd_conf.o
                0x080061e6                USBD_LL_Start
 .text.USBD_LL_OpenEP
                0x080061f6       0x16 build/usbd_conf.o
                0x080061f6                USBD_LL_OpenEP
 .text.USBD_LL_CloseEP
                0x0800620c       0x10 build/usbd_conf.o
                0x0800620c                USBD_LL_CloseEP
 .text.USBD_LL_StallEP
                0x0800621c       0x10 build/usbd_conf.o
                0x0800621c                USBD_LL_StallEP
 .text.USBD_LL_ClearStallEP
                0x0800622c       0x10 build/usbd_conf.o
                0x0800622c                USBD_LL_ClearStallEP
 .text.USBD_LL_SetUSBAddress
                0x0800623c       0x10 build/usbd_conf.o
                0x0800623c                USBD_LL_SetUSBAddress
 .text.USBD_LL_Transmit
                0x0800624c       0x10 build/usbd_conf.o
                0x0800624c                USBD_LL_Transmit
 .text.USBD_LL_PrepareReceive
                0x0800625c       0x10 build/usbd_conf.o
                0x0800625c                USBD_LL_PrepareReceive
 .text.USBD_FS_DeviceDescriptor
                0x0800626c        0xc build/usbd_desc.o
                0x0800626c                USBD_FS_DeviceDescriptor
 .text.USBD_FS_LangIDStrDescriptor
                0x08006278        0xc build/usbd_desc.o
                0x08006278                USBD_FS_LangIDStrDescriptor
 .text.IntToUnicode
                0x08006284       0x38 build/usbd_desc.o
 .text.Get_SerialNum
                0x080062bc       0x34 build/usbd_desc.o
 .text.USBD_FS_SerialStrDescriptor
                0x080062f0       0x14 build/usbd_desc.o
                0x080062f0                USBD_FS_SerialStrDescriptor
 .text.USBD_FS_ProductStrDescriptor
                0x08006304       0x24 build/usbd_desc.o
                0x08006304                USBD_FS_ProductStrDescriptor
 .text.USBD_FS_ManufacturerStrDescriptor
                0x08006328       0x1c build/usbd_desc.o
                0x08006328                USBD_FS_ManufacturerStrDescriptor
 .text.USBD_FS_ConfigStrDescriptor
                0x08006344       0x24 build/usbd_desc.o
                0x08006344                USBD_FS_ConfigStrDescriptor
 .text.USBD_FS_InterfaceStrDescriptor
                0x08006368       0x24 build/usbd_desc.o
                0x08006368                USBD_FS_InterfaceStrDescriptor
 .text.Reset_Handler
                0x0800638c       0x50 build/startup_stm32h743xx.o
                0x0800638c                Reset_Handler
 .text.Default_Handler
                0x080063dc        0x2 build/startup_stm32h743xx.o
                0x080063dc                RTC_Alarm_IRQHandler
                0x080063dc                EXTI2_IRQHandler
                0x080063dc                TIM8_CC_IRQHandler
                0x080063dc                HRTIM1_Master_IRQHandler
                0x080063dc                UART8_IRQHandler
                0x080063dc                SPI4_IRQHandler
                0x080063dc                TIM1_CC_IRQHandler
                0x080063dc                BDMA_Channel6_IRQHandler
                0x080063dc                DMA2_Stream5_IRQHandler
                0x080063dc                HRTIM1_FLT_IRQHandler
                0x080063dc                JPEG_IRQHandler
                0x080063dc                DMA1_Stream5_IRQHandler
                0x080063dc                BDMA_Channel1_IRQHandler
                0x080063dc                HRTIM1_TIMD_IRQHandler
                0x080063dc                TAMP_STAMP_IRQHandler
                0x080063dc                EXTI3_IRQHandler
                0x080063dc                LPTIM4_IRQHandler
                0x080063dc                TIM8_TRG_COM_TIM14_IRQHandler
                0x080063dc                LPTIM2_IRQHandler
                0x080063dc                DFSDM1_FLT1_IRQHandler
                0x080063dc                DMAMUX2_OVR_IRQHandler
                0x080063dc                TIM8_UP_TIM13_IRQHandler
                0x080063dc                I2C3_ER_IRQHandler
                0x080063dc                DFSDM1_FLT2_IRQHandler
                0x080063dc                MDMA_IRQHandler
                0x080063dc                LPTIM3_IRQHandler
                0x080063dc                HSEM1_IRQHandler
                0x080063dc                EXTI0_IRQHandler
                0x080063dc                I2C2_EV_IRQHandler
                0x080063dc                DMA1_Stream2_IRQHandler
                0x080063dc                FPU_IRQHandler
                0x080063dc                OTG_HS_WKUP_IRQHandler
                0x080063dc                FDCAN1_IT1_IRQHandler
                0x080063dc                LTDC_ER_IRQHandler
                0x080063dc                DMA2_Stream2_IRQHandler
                0x080063dc                HRTIM1_TIME_IRQHandler
                0x080063dc                SPI1_IRQHandler
                0x080063dc                TIM6_DAC_IRQHandler
                0x080063dc                DCMI_IRQHandler
                0x080063dc                HRTIM1_TIMC_IRQHandler
                0x080063dc                DMA2_Stream3_IRQHandler
                0x080063dc                SAI2_IRQHandler
                0x080063dc                DFSDM1_FLT3_IRQHandler
                0x080063dc                USART6_IRQHandler
                0x080063dc                TIM17_IRQHandler
                0x080063dc                USART3_IRQHandler
                0x080063dc                BDMA_Channel7_IRQHandler
                0x080063dc                LPTIM5_IRQHandler
                0x080063dc                UART5_IRQHandler
                0x080063dc                ADC3_IRQHandler
                0x080063dc                DMA2_Stream0_IRQHandler
                0x080063dc                TIM4_IRQHandler
                0x080063dc                BDMA_Channel2_IRQHandler
                0x080063dc                QUADSPI_IRQHandler
                0x080063dc                I2C1_EV_IRQHandler
                0x080063dc                DMA1_Stream6_IRQHandler
                0x080063dc                DMAMUX1_OVR_IRQHandler
                0x080063dc                DMA1_Stream1_IRQHandler
                0x080063dc                TIM16_IRQHandler
                0x080063dc                UART4_IRQHandler
                0x080063dc                BDMA_Channel5_IRQHandler
                0x080063dc                TIM3_IRQHandler
                0x080063dc                RCC_IRQHandler
                0x080063dc                TIM8_BRK_TIM12_IRQHandler
                0x080063dc                TIM1_TRG_COM_IRQHandler
                0x080063dc                Default_Handler
                0x080063dc                ECC_IRQHandler
                0x080063dc                CEC_IRQHandler
                0x080063dc                EXTI15_10_IRQHandler
                0x080063dc                BDMA_Channel0_IRQHandler
                0x080063dc                ADC_IRQHandler
                0x080063dc                DMA1_Stream7_IRQHandler
                0x080063dc                HRTIM1_TIMA_IRQHandler
                0x080063dc                SPI5_IRQHandler
                0x080063dc                TIM7_IRQHandler
                0x080063dc                SDMMC1_IRQHandler
                0x080063dc                TIM5_IRQHandler
                0x080063dc                DMA2_Stream7_IRQHandler
                0x080063dc                TIM15_IRQHandler
                0x080063dc                PVD_AVD_IRQHandler
                0x080063dc                I2C3_EV_IRQHandler
                0x080063dc                EXTI9_5_IRQHandler
                0x080063dc                RTC_WKUP_IRQHandler
                0x080063dc                LTDC_IRQHandler
                0x080063dc                SAI3_IRQHandler
                0x080063dc                ETH_WKUP_IRQHandler
                0x080063dc                SPDIF_RX_IRQHandler
                0x080063dc                SPI2_IRQHandler
                0x080063dc                OTG_HS_EP1_IN_IRQHandler
                0x080063dc                DMA1_Stream0_IRQHandler
                0x080063dc                CRS_IRQHandler
                0x080063dc                EXTI4_IRQHandler
                0x080063dc                RNG_IRQHandler
                0x080063dc                HRTIM1_TIMB_IRQHandler
                0x080063dc                FDCAN2_IT1_IRQHandler
                0x080063dc                ETH_IRQHandler
                0x080063dc                TIM1_UP_IRQHandler
                0x080063dc                BDMA_Channel4_IRQHandler
                0x080063dc                OTG_HS_EP1_OUT_IRQHandler
                0x080063dc                WWDG_IRQHandler
                0x080063dc                SPI6_IRQHandler
                0x080063dc                MDIOS_IRQHandler
                0x080063dc                I2C4_EV_IRQHandler
                0x080063dc                FDCAN2_IT0_IRQHandler
                0x080063dc                LPUART1_IRQHandler
                0x080063dc                FDCAN1_IT0_IRQHandler
                0x080063dc                TIM2_IRQHandler
                0x080063dc                OTG_FS_WKUP_IRQHandler
                0x080063dc                OTG_HS_IRQHandler
                0x080063dc                DMA2D_IRQHandler
                0x080063dc                TIM1_BRK_IRQHandler
                0x080063dc                EXTI1_IRQHandler
                0x080063dc                SDMMC2_IRQHandler
                0x080063dc                OTG_FS_EP1_OUT_IRQHandler
                0x080063dc                BDMA_Channel3_IRQHandler
                0x080063dc                UART7_IRQHandler
                0x080063dc                MDIOS_WKUP_IRQHandler
                0x080063dc                USART2_IRQHandler
                0x080063dc                DFSDM1_FLT0_IRQHandler
                0x080063dc                SAI4_IRQHandler
                0x080063dc                I2C2_ER_IRQHandler
                0x080063dc                DMA2_Stream1_IRQHandler
                0x080063dc                FLASH_IRQHandler
                0x080063dc                DMA2_Stream4_IRQHandler
                0x080063dc                USART1_IRQHandler
                0x080063dc                SPI3_IRQHandler
                0x080063dc                WAKEUP_PIN_IRQHandler
                0x080063dc                DMA1_Stream4_IRQHandler
                0x080063dc                OTG_FS_EP1_IN_IRQHandler
                0x080063dc                I2C1_ER_IRQHandler
                0x080063dc                FMC_IRQHandler
                0x080063dc                FDCAN_CAL_IRQHandler
                0x080063dc                SWPMI1_IRQHandler
                0x080063dc                COMP1_IRQHandler
                0x080063dc                LPTIM1_IRQHandler
                0x080063dc                I2C4_ER_IRQHandler
                0x080063dc                DMA2_Stream6_IRQHandler
                0x080063dc                SAI1_IRQHandler
                0x080063dc                DMA1_Stream3_IRQHandler
 *fill*         0x080063de        0x2 
 .text.__libc_init_array
                0x080063e0       0x48 c:/program files (x86)/gnu arm embedded toolchain/9 2020-q2-update/bin/../lib/gcc/arm-none-eabi/9.3.1/../../../../arm-none-eabi/lib/thumb/v7e-m+dp/hard\libc.a(lib_a-init.o)
                0x080063e0                __libc_init_array
 .text.malloc   0x08006428       0x10 c:/program files (x86)/gnu arm embedded toolchain/9 2020-q2-update/bin/../lib/gcc/arm-none-eabi/9.3.1/../../../../arm-none-eabi/lib/thumb/v7e-m+dp/hard\libc.a(lib_a-malloc.o)
                0x08006428                malloc
 .text.free     0x08006438       0x10 c:/program files (x86)/gnu arm embedded toolchain/9 2020-q2-update/bin/../lib/gcc/arm-none-eabi/9.3.1/../../../../arm-none-eabi/lib/thumb/v7e-m+dp/hard\libc.a(lib_a-malloc.o)
                0x08006438                free
 .text._malloc_r
                0x08006448      0x574 c:/program files (x86)/gnu arm embedded toolchain/9 2020-q2-update/bin/../lib/gcc/arm-none-eabi/9.3.1/../../../../arm-none-eabi/lib/thumb/v7e-m+dp/hard\libc.a(lib_a-mallocr.o)
                0x08006448                _malloc_r
 .text.memset   0x080069bc       0xa0 c:/program files (x86)/gnu arm embedded toolchain/9 2020-q2-update/bin/../lib/gcc/arm-none-eabi/9.3.1/../../../../arm-none-eabi/lib/thumb/v7e-m+dp/hard\libc.a(lib_a-memset.o)
                0x080069bc                memset
 .text.__malloc_lock
                0x08006a5c        0xc c:/program files (x86)/gnu arm embedded toolchain/9 2020-q2-update/bin/../lib/gcc/arm-none-eabi/9.3.1/../../../../arm-none-eabi/lib/thumb/v7e-m+dp/hard\libc.a(lib_a-mlock.o)
                0x08006a5c                __malloc_lock
 .text.__malloc_unlock
                0x08006a68        0xc c:/program files (x86)/gnu arm embedded toolchain/9 2020-q2-update/bin/../lib/gcc/arm-none-eabi/9.3.1/../../../../arm-none-eabi/lib/thumb/v7e-m+dp/hard\libc.a(lib_a-mlock.o)
                0x08006a68                __malloc_unlock
 .text._sbrk_r  0x08006a74       0x24 c:/program files (x86)/gnu arm embedded toolchain/9 2020-q2-update/bin/../lib/gcc/arm-none-eabi/9.3.1/../../../../arm-none-eabi/lib/thumb/v7e-m+dp/hard\libc.a(lib_a-sbrkr.o)
                0x08006a74                _sbrk_r
 .text.startup.register_fini
                0x08006a98       0x14 c:/program files (x86)/gnu arm embedded toolchain/9 2020-q2-update/bin/../lib/gcc/arm-none-eabi/9.3.1/../../../../arm-none-eabi/lib/thumb/v7e-m+dp/hard\libc.a(lib_a-__call_atexit.o)
 .text.atexit   0x08006aac        0xc c:/program files (x86)/gnu arm embedded toolchain/9 2020-q2-update/bin/../lib/gcc/arm-none-eabi/9.3.1/../../../../arm-none-eabi/lib/thumb/v7e-m+dp/hard\libc.a(lib_a-atexit.o)
                0x08006aac                atexit
 .text.__libc_fini_array
                0x08006ab8       0x2c c:/program files (x86)/gnu arm embedded toolchain/9 2020-q2-update/bin/../lib/gcc/arm-none-eabi/9.3.1/../../../../arm-none-eabi/lib/thumb/v7e-m+dp/hard\libc.a(lib_a-fini.o)
                0x08006ab8                __libc_fini_array
 .text._malloc_trim_r
                0x08006ae4       0xa0 c:/program files (x86)/gnu arm embedded toolchain/9 2020-q2-update/bin/../lib/gcc/arm-none-eabi/9.3.1/../../../../arm-none-eabi/lib/thumb/v7e-m+dp/hard\libc.a(lib_a-freer.o)
                0x08006ae4                _malloc_trim_r
 .text._free_r  0x08006b84      0x208 c:/program files (x86)/gnu arm embedded toolchain/9 2020-q2-update/bin/../lib/gcc/arm-none-eabi/9.3.1/../../../../arm-none-eabi/lib/thumb/v7e-m+dp/hard\libc.a(lib_a-freer.o)
                0x08006b84                _free_r
 .text.__retarget_lock_acquire_recursive
                0x08006d8c        0x4 c:/program files (x86)/gnu arm embedded toolchain/9 2020-q2-update/bin/../lib/gcc/arm-none-eabi/9.3.1/../../../../arm-none-eabi/lib/thumb/v7e-m+dp/hard\libc.a(lib_a-lock.o)
                0x08006d8c                __retarget_lock_acquire_recursive
 .text.__retarget_lock_release_recursive
                0x08006d90        0x4 c:/program files (x86)/gnu arm embedded toolchain/9 2020-q2-update/bin/../lib/gcc/arm-none-eabi/9.3.1/../../../../arm-none-eabi/lib/thumb/v7e-m+dp/hard\libc.a(lib_a-lock.o)
                0x08006d90                __retarget_lock_release_recursive
 .text.__register_exitproc
                0x08006d94       0x8c c:/program files (x86)/gnu arm embedded toolchain/9 2020-q2-update/bin/../lib/gcc/arm-none-eabi/9.3.1/../../../../arm-none-eabi/lib/thumb/v7e-m+dp/hard\libc.a(lib_a-__atexit.o)
                0x08006d94                __register_exitproc
 .text._sbrk    0x08006e20       0x1c c:/program files (x86)/gnu arm embedded toolchain/9 2020-q2-update/bin/../lib/gcc/arm-none-eabi/9.3.1/../../../../arm-none-eabi/lib/thumb/v7e-m+dp/hard\libnosys.a(sbrk.o)
                0x08006e20                _sbrk
 *(.glue_7)
 .glue_7        0x08006e3c        0x0 linker stubs
 *(.glue_7t)
 .glue_7t       0x08006e3c        0x0 linker stubs
 *(.eh_frame)
 .eh_frame      0x08006e3c        0x0 c:/program files (x86)/gnu arm embedded toolchain/9 2020-q2-update/bin/../lib/gcc/arm-none-eabi/9.3.1/thumb/v7e-m+dp/hard/crtbegin.o
 *(.init)
 .init          0x08006e3c        0x4 c:/program files (x86)/gnu arm embedded toolchain/9 2020-q2-update/bin/../lib/gcc/arm-none-eabi/9.3.1/thumb/v7e-m+dp/hard/crti.o
                0x08006e3c                _init
 .init          0x08006e40        0x8 c:/program files (x86)/gnu arm embedded toolchain/9 2020-q2-update/bin/../lib/gcc/arm-none-eabi/9.3.1/thumb/v7e-m+dp/hard/crtn.o
 *(.fini)
 .fini          0x08006e48        0x4 c:/program files (x86)/gnu arm embedded toolchain/9 2020-q2-update/bin/../lib/gcc/arm-none-eabi/9.3.1/thumb/v7e-m+dp/hard/crti.o
                0x08006e48                _fini
 .fini          0x08006e4c        0x8 c:/program files (x86)/gnu arm embedded toolchain/9 2020-q2-update/bin/../lib/gcc/arm-none-eabi/9.3.1/thumb/v7e-m+dp/hard/crtn.o
                0x08006e54                . = ALIGN (0x4)
                0x08006e54                _etext = .

.vfp11_veneer   0x08006e54        0x0
 .vfp11_veneer  0x08006e54        0x0 linker stubs

.v4_bx          0x08006e54        0x0
 .v4_bx         0x08006e54        0x0 linker stubs

.iplt           0x08006e54        0x0
 .iplt          0x08006e54        0x0 c:/program files (x86)/gnu arm embedded toolchain/9 2020-q2-update/bin/../lib/gcc/arm-none-eabi/9.3.1/thumb/v7e-m+dp/hard/crtbegin.o

.rodata         0x08006e54       0x88
                0x08006e54                . = ALIGN (0x4)
 *(.rodata)
 .rodata        0x08006e54        0x8 build/stm32h7xx_hal_uart_ex.o
 *(.rodata*)
 .rodata.UARTPrescTable
                0x08006e5c       0x18 build/stm32h7xx_hal_uart.o
                0x08006e5c                UARTPrescTable
 .rodata.UARTEx_SetNbDataToProcess.str1.4
                0x08006e74        0x9 build/stm32h7xx_hal_uart_ex.o
 *fill*         0x08006e7d        0x3 
 .rodata.D1CorePrescTable
                0x08006e80       0x10 build/system_stm32h7xx.o
                0x08006e80                D1CorePrescTable
 .rodata.USBD_FS_ProductStrDescriptor.str1.4
                0x08006e90       0x16 build/usbd_desc.o
 *fill*         0x08006ea6        0x2 
 .rodata.USBD_FS_ManufacturerStrDescriptor.str1.4
                0x08006ea8       0x13 build/usbd_desc.o
 *fill*         0x08006ebb        0x1 
 .rodata.USBD_FS_ConfigStrDescriptor.str1.4
                0x08006ebc        0xb build/usbd_desc.o
 *fill*         0x08006ec7        0x1 
 .rodata.USBD_FS_InterfaceStrDescriptor.str1.4
                0x08006ec8        0xe build/usbd_desc.o
 *fill*         0x08006ed6        0x2 
 .rodata._global_impure_ptr
                0x08006ed8        0x4 c:/program files (x86)/gnu arm embedded toolchain/9 2020-q2-update/bin/../lib/gcc/arm-none-eabi/9.3.1/../../../../arm-none-eabi/lib/thumb/v7e-m+dp/hard\libc.a(lib_a-impure.o)
                0x08006ed8                _global_impure_ptr
                0x08006edc                . = ALIGN (0x4)

.ARM.extab
 *(.ARM.extab* .gnu.linkonce.armextab.*)

.ARM            0x08006edc        0x8
                0x08006edc                __exidx_start = .
 *(.ARM.exidx*)
 .ARM.exidx     0x08006edc        0x8 c:/program files (x86)/gnu arm embedded toolchain/9 2020-q2-update/bin/../lib/gcc/arm-none-eabi/9.3.1/thumb/v7e-m+dp/hard\libgcc.a(_udivmoddi4.o)
                0x08006ee4                __exidx_end = .

.rel.dyn        0x08006ee4        0x0
 .rel.iplt      0x08006ee4        0x0 c:/program files (x86)/gnu arm embedded toolchain/9 2020-q2-update/bin/../lib/gcc/arm-none-eabi/9.3.1/thumb/v7e-m+dp/hard/crtbegin.o

.preinit_array  0x08006ee4        0x0
                0x08006ee4                PROVIDE (__preinit_array_start = .)
 *(.preinit_array*)
                0x08006ee4                PROVIDE (__preinit_array_end = .)

.init_array     0x08006ee4        0x8
                0x08006ee4                PROVIDE (__init_array_start = .)
 *(SORT_BY_NAME(.init_array.*))
 .init_array.00000
                0x08006ee4        0x4 c:/program files (x86)/gnu arm embedded toolchain/9 2020-q2-update/bin/../lib/gcc/arm-none-eabi/9.3.1/../../../../arm-none-eabi/lib/thumb/v7e-m+dp/hard\libc.a(lib_a-__call_atexit.o)
 *(.init_array*)
 .init_array    0x08006ee8        0x4 c:/program files (x86)/gnu arm embedded toolchain/9 2020-q2-update/bin/../lib/gcc/arm-none-eabi/9.3.1/thumb/v7e-m+dp/hard/crtbegin.o
                0x08006eec                PROVIDE (__init_array_end = .)

.fini_array     0x08006eec        0x4
                0x08006eec                PROVIDE (__fini_array_start = .)
 *(SORT_BY_NAME(.fini_array.*))
 *(.fini_array*)
 .fini_array    0x08006eec        0x4 c:/program files (x86)/gnu arm embedded toolchain/9 2020-q2-update/bin/../lib/gcc/arm-none-eabi/9.3.1/thumb/v7e-m+dp/hard/crtbegin.o
                0x08006ef0                PROVIDE (__fini_array_end = .)
                0x08006ef0                _sidata = LOADADDR (.data)

.data           0x20000000      0x9ac load address 0x08006ef0
                0x20000000                . = ALIGN (0x4)
                0x20000000                _sdata = .
 *(.data)
 *(.data*)
 .data.uwTickFreq
                0x20000000        0x1 build/stm32h7xx_hal.o
                0x20000000                uwTickFreq
 *fill*         0x20000001        0x3 
 .data.uwTickPrio
                0x20000004        0x4 build/stm32h7xx_hal.o
                0x20000004                uwTickPrio
 .data.HID_MOUSE_ReportDesc
                0x20000008       0x4a build/usbd_hid.o
 *fill*         0x20000052        0x2 
 .data.USBD_HID
                0x20000054       0x38 build/usbd_hid.o
                0x20000054                USBD_HID
 .data.USBD_HID_CfgFSDesc
                0x2000008c       0x22 build/usbd_hid.o
 *fill*         0x200000ae        0x2 
 .data.USBD_HID_CfgHSDesc
                0x200000b0       0x22 build/usbd_hid.o
 *fill*         0x200000d2        0x2 
 .data.USBD_HID_Desc
                0x200000d4        0x9 build/usbd_hid.o
 *fill*         0x200000dd        0x3 
 .data.USBD_HID_DeviceQualifierDesc
                0x200000e0        0xa build/usbd_hid.o
 *fill*         0x200000ea        0x2 
 .data.USBD_HID_OtherSpeedCfgDesc
                0x200000ec       0x22 build/usbd_hid.o
 *fill*         0x2000010e        0x2 
 .data.SystemCoreClock
                0x20000110        0x4 build/system_stm32h7xx.o
                0x20000110                SystemCoreClock
 .data.SystemD2Clock
                0x20000114        0x4 build/system_stm32h7xx.o
                0x20000114                SystemD2Clock
 .data.FS_Desc  0x20000118       0x1c build/usbd_desc.o
                0x20000118                FS_Desc
 .data.USBD_FS_DeviceDesc
                0x20000134       0x12 build/usbd_desc.o
                0x20000134                USBD_FS_DeviceDesc
 *fill*         0x20000146        0x2 
 .data.USBD_LangIDDesc
                0x20000148        0x4 build/usbd_desc.o
                0x20000148                USBD_LangIDDesc
 .data.USBD_StringSerial
                0x2000014c       0x1a build/usbd_desc.o
                0x2000014c                USBD_StringSerial
 *fill*         0x20000166        0x2 
 .data._impure_ptr
                0x20000168        0x4 c:/program files (x86)/gnu arm embedded toolchain/9 2020-q2-update/bin/../lib/gcc/arm-none-eabi/9.3.1/../../../../arm-none-eabi/lib/thumb/v7e-m+dp/hard\libc.a(lib_a-impure.o)
                0x20000168                _impure_ptr
 *fill*         0x2000016c        0x4 
 .data.impure_data
                0x20000170      0x428 c:/program files (x86)/gnu arm embedded toolchain/9 2020-q2-update/bin/../lib/gcc/arm-none-eabi/9.3.1/../../../../arm-none-eabi/lib/thumb/v7e-m+dp/hard\libc.a(lib_a-impure.o)
 .data.__malloc_av_
                0x20000598      0x408 c:/program files (x86)/gnu arm embedded toolchain/9 2020-q2-update/bin/../lib/gcc/arm-none-eabi/9.3.1/../../../../arm-none-eabi/lib/thumb/v7e-m+dp/hard\libc.a(lib_a-mallocr.o)
                0x20000598                __malloc_av_
 .data.__malloc_sbrk_base
                0x200009a0        0x4 c:/program files (x86)/gnu arm embedded toolchain/9 2020-q2-update/bin/../lib/gcc/arm-none-eabi/9.3.1/../../../../arm-none-eabi/lib/thumb/v7e-m+dp/hard\libc.a(lib_a-mallocr.o)
                0x200009a0                __malloc_sbrk_base
 .data.__malloc_trim_threshold
                0x200009a4        0x4 c:/program files (x86)/gnu arm embedded toolchain/9 2020-q2-update/bin/../lib/gcc/arm-none-eabi/9.3.1/../../../../arm-none-eabi/lib/thumb/v7e-m+dp/hard\libc.a(lib_a-mallocr.o)
                0x200009a4                __malloc_trim_threshold
 .data.__atexit_recursive_mutex
                0x200009a8        0x4 c:/program files (x86)/gnu arm embedded toolchain/9 2020-q2-update/bin/../lib/gcc/arm-none-eabi/9.3.1/../../../../arm-none-eabi/lib/thumb/v7e-m+dp/hard\libc.a(lib_a-__call_atexit.o)
                0x200009a8                __atexit_recursive_mutex
                0x200009ac                . = ALIGN (0x4)
                0x200009ac                _edata = .

.igot.plt       0x200009ac        0x0 load address 0x0800789c
 .igot.plt      0x200009ac        0x0 c:/program files (x86)/gnu arm embedded toolchain/9 2020-q2-update/bin/../lib/gcc/arm-none-eabi/9.3.1/thumb/v7e-m+dp/hard/crtbegin.o

.RxDecripSection
                0x200009ac       0x60 load address 0x0800789c
 .RxDecripSection
                0x200009ac       0x60 build/eth.o
                0x200009ac                DMARxDscrTab

.TxDecripSection
                0x20000a0c       0x60 load address 0x080078fc
 .TxDecripSection
                0x20000a0c       0x60 build/eth.o
                0x20000a0c                DMATxDscrTab
                0x20000a6c                . = ALIGN (0x4)

.bss            0x20000a6c      0xa8c load address 0x0800795c
                0x20000a6c                _sbss = .
                0x20000a6c                __bss_start__ = _sbss
 *(.bss)
 .bss           0x20000a6c       0x1c c:/program files (x86)/gnu arm embedded toolchain/9 2020-q2-update/bin/../lib/gcc/arm-none-eabi/9.3.1/thumb/v7e-m+dp/hard/crtbegin.o
 *(.bss*)
 .bss.cfgidx.12726
                0x20000a88        0x1 build/usbd_ctlreq.o
 *fill*         0x20000a89        0x3 
 .bss.__malloc_current_mallinfo
                0x20000a8c       0x28 c:/program files (x86)/gnu arm embedded toolchain/9 2020-q2-update/bin/../lib/gcc/arm-none-eabi/9.3.1/../../../../arm-none-eabi/lib/thumb/v7e-m+dp/hard\libc.a(lib_a-mallocr.o)
                0x20000a8c                __malloc_current_mallinfo
 .bss.__malloc_max_sbrked_mem
                0x20000ab4        0x4 c:/program files (x86)/gnu arm embedded toolchain/9 2020-q2-update/bin/../lib/gcc/arm-none-eabi/9.3.1/../../../../arm-none-eabi/lib/thumb/v7e-m+dp/hard\libc.a(lib_a-mallocr.o)
                0x20000ab4                __malloc_max_sbrked_mem
 .bss.__malloc_max_total_mem
                0x20000ab8        0x4 c:/program files (x86)/gnu arm embedded toolchain/9 2020-q2-update/bin/../lib/gcc/arm-none-eabi/9.3.1/../../../../arm-none-eabi/lib/thumb/v7e-m+dp/hard\libc.a(lib_a-mallocr.o)
                0x20000ab8                __malloc_max_total_mem
 .bss.__malloc_top_pad
                0x20000abc        0x4 c:/program files (x86)/gnu arm embedded toolchain/9 2020-q2-update/bin/../lib/gcc/arm-none-eabi/9.3.1/../../../../arm-none-eabi/lib/thumb/v7e-m+dp/hard\libc.a(lib_a-mallocr.o)
                0x20000abc                __malloc_top_pad
 .bss.heap_end.5507
                0x20000ac0        0x4 c:/program files (x86)/gnu arm embedded toolchain/9 2020-q2-update/bin/../lib/gcc/arm-none-eabi/9.3.1/../../../../arm-none-eabi/lib/thumb/v7e-m+dp/hard\libnosys.a(sbrk.o)
 *(COMMON)
 COMMON         0x20000ac4        0x4 build/stm32h7xx_hal.o
                0x20000ac4                uwTick
 COMMON         0x20000ac8       0xa4 build/eth.o
                0x20000ac8                heth
                0x20000b38                TxConfig
 COMMON         0x20000b6c       0x8c build/usart.o
                0x20000b6c                huart3
 COMMON         0x20000bf8      0x2d0 build/usb_device.o
                0x20000bf8                hUsbDeviceFS
 COMMON         0x20000ec8      0x408 build/usbd_conf.o
                0x20000ec8                hpcd_USB_OTG_FS
 COMMON         0x200012d0      0x200 build/usbd_desc.o
                0x200012d0                USBD_StrDesc
 COMMON         0x200014d0       0x21 c:/program files (x86)/gnu arm embedded toolchain/9 2020-q2-update/bin/../lib/gcc/arm-none-eabi/9.3.1/../../../../arm-none-eabi/lib/thumb/v7e-m+dp/hard\libc.a(lib_a-lock.o)
                0x200014d0                __lock___atexit_recursive_mutex
                0x200014d4                __lock___arc4random_mutex
                0x200014d8                __lock___env_recursive_mutex
                0x200014dc                __lock___sinit_recursive_mutex
                0x200014e0                __lock___malloc_recursive_mutex
                0x200014e4                __lock___at_quick_exit_mutex
                0x200014e8                __lock___dd_hash_mutex
                0x200014ec                __lock___tz_mutex
                0x200014f0                __lock___sfp_recursive_mutex
 *fill*         0x200014f1        0x3 
 COMMON         0x200014f4        0x4 c:/program files (x86)/gnu arm embedded toolchain/9 2020-q2-update/bin/../lib/gcc/arm-none-eabi/9.3.1/../../../../arm-none-eabi/lib/thumb/v7e-m+dp/hard\libc.a(lib_a-reent.o)
                0x200014f4                errno
                0x200014f8                . = ALIGN (0x4)
                0x200014f8                _ebss = .
                0x200014f8                __bss_end__ = _ebss

._user_heap_stack
                0x200014f8      0x600 load address 0x0800795c
                0x200014f8                . = ALIGN (0x8)
                0x200014f8                PROVIDE (end = .)
                [!provide]                PROVIDE (_end = .)
                0x200016f8                . = (. + _Min_Heap_Size)
 *fill*         0x200014f8      0x200 
                0x20001af8                . = (. + _Min_Stack_Size)
 *fill*         0x200016f8      0x400 
                0x20001af8                . = ALIGN (0x8)

/DISCARD/
 libc.a(*)
 libm.a(*)
 libgcc.a(*)

.ARM.attributes
                0x00000000       0x2e
 *(.ARM.attributes)
 .ARM.attributes
                0x00000000       0x1e c:/program files (x86)/gnu arm embedded toolchain/9 2020-q2-update/bin/../lib/gcc/arm-none-eabi/9.3.1/thumb/v7e-m+dp/hard/crti.o
 .ARM.attributes
                0x0000001e       0x32 c:/program files (x86)/gnu arm embedded toolchain/9 2020-q2-update/bin/../lib/gcc/arm-none-eabi/9.3.1/thumb/v7e-m+dp/hard/crtbegin.o
 .ARM.attributes
                0x00000050       0x32 build/stm32h7xx_hal.o
 .ARM.attributes
                0x00000082       0x32 build/stm32h7xx_hal_cortex.o
 .ARM.attributes
                0x000000b4       0x32 build/stm32h7xx_hal_eth.o
 .ARM.attributes
                0x000000e6       0x32 build/stm32h7xx_hal_gpio.o
 .ARM.attributes
                0x00000118       0x32 build/stm32h7xx_hal_pcd.o
 .ARM.attributes
                0x0000014a       0x32 build/stm32h7xx_hal_pcd_ex.o
 .ARM.attributes
                0x0000017c       0x32 build/stm32h7xx_hal_pwr_ex.o
 .ARM.attributes
                0x000001ae       0x32 build/stm32h7xx_hal_rcc.o
 .ARM.attributes
                0x000001e0       0x32 build/stm32h7xx_hal_rcc_ex.o
 .ARM.attributes
                0x00000212       0x32 build/stm32h7xx_hal_uart.o
 .ARM.attributes
                0x00000244       0x32 build/stm32h7xx_hal_uart_ex.o
 .ARM.attributes
                0x00000276       0x32 build/stm32h7xx_ll_usb.o
 .ARM.attributes
                0x000002a8       0x32 build/usbd_hid.o
 .ARM.attributes
                0x000002da       0x32 build/usbd_core.o
 .ARM.attributes
                0x0000030c       0x32 build/usbd_ctlreq.o
 .ARM.attributes
                0x0000033e       0x32 build/usbd_ioreq.o
 .ARM.attributes
                0x00000370       0x32 build/eth.o
 .ARM.attributes
                0x000003a2       0x32 build/gpio.o
 .ARM.attributes
                0x000003d4       0x32 build/main.o
 .ARM.attributes
                0x00000406       0x32 build/stm32h7xx_hal_msp.o
 .ARM.attributes
                0x00000438       0x32 build/stm32h7xx_it.o
 .ARM.attributes
                0x0000046a       0x32 build/system_stm32h7xx.o
 .ARM.attributes
                0x0000049c       0x32 build/usart.o
 .ARM.attributes
                0x000004ce       0x32 build/usb_device.o
 .ARM.attributes
                0x00000500       0x32 build/usbd_conf.o
 .ARM.attributes
                0x00000532       0x32 build/usbd_desc.o
 .ARM.attributes
                0x00000564       0x21 build/startup_stm32h743xx.o
 .ARM.attributes
                0x00000585       0x30 c:/program files (x86)/gnu arm embedded toolchain/9 2020-q2-update/bin/../lib/gcc/arm-none-eabi/9.3.1/../../../../arm-none-eabi/lib/thumb/v7e-m+dp/hard\libc.a(lib_a-impure.o)
 .ARM.attributes
                0x000005b5       0x32 c:/program files (x86)/gnu arm embedded toolchain/9 2020-q2-update/bin/../lib/gcc/arm-none-eabi/9.3.1/../../../../arm-none-eabi/lib/thumb/v7e-m+dp/hard\libc.a(lib_a-init.o)
 .ARM.attributes
                0x000005e7       0x32 c:/program files (x86)/gnu arm embedded toolchain/9 2020-q2-update/bin/../lib/gcc/arm-none-eabi/9.3.1/../../../../arm-none-eabi/lib/thumb/v7e-m+dp/hard\libc.a(lib_a-malloc.o)
 .ARM.attributes
                0x00000619       0x32 c:/program files (x86)/gnu arm embedded toolchain/9 2020-q2-update/bin/../lib/gcc/arm-none-eabi/9.3.1/../../../../arm-none-eabi/lib/thumb/v7e-m+dp/hard\libc.a(lib_a-mallocr.o)
 .ARM.attributes
                0x0000064b       0x32 c:/program files (x86)/gnu arm embedded toolchain/9 2020-q2-update/bin/../lib/gcc/arm-none-eabi/9.3.1/../../../../arm-none-eabi/lib/thumb/v7e-m+dp/hard\libc.a(lib_a-memset.o)
 .ARM.attributes
                0x0000067d       0x32 c:/program files (x86)/gnu arm embedded toolchain/9 2020-q2-update/bin/../lib/gcc/arm-none-eabi/9.3.1/../../../../arm-none-eabi/lib/thumb/v7e-m+dp/hard\libc.a(lib_a-mlock.o)
 .ARM.attributes
                0x000006af       0x32 c:/program files (x86)/gnu arm embedded toolchain/9 2020-q2-update/bin/../lib/gcc/arm-none-eabi/9.3.1/../../../../arm-none-eabi/lib/thumb/v7e-m+dp/hard\libc.a(lib_a-sbrkr.o)
 .ARM.attributes
                0x000006e1       0x32 c:/program files (x86)/gnu arm embedded toolchain/9 2020-q2-update/bin/../lib/gcc/arm-none-eabi/9.3.1/../../../../arm-none-eabi/lib/thumb/v7e-m+dp/hard\libc.a(lib_a-__call_atexit.o)
 .ARM.attributes
                0x00000713       0x32 c:/program files (x86)/gnu arm embedded toolchain/9 2020-q2-update/bin/../lib/gcc/arm-none-eabi/9.3.1/../../../../arm-none-eabi/lib/thumb/v7e-m+dp/hard\libc.a(lib_a-atexit.o)
 .ARM.attributes
                0x00000745       0x32 c:/program files (x86)/gnu arm embedded toolchain/9 2020-q2-update/bin/../lib/gcc/arm-none-eabi/9.3.1/../../../../arm-none-eabi/lib/thumb/v7e-m+dp/hard\libc.a(lib_a-fini.o)
 .ARM.attributes
                0x00000777       0x32 c:/program files (x86)/gnu arm embedded toolchain/9 2020-q2-update/bin/../lib/gcc/arm-none-eabi/9.3.1/../../../../arm-none-eabi/lib/thumb/v7e-m+dp/hard\libc.a(lib_a-freer.o)
 .ARM.attributes
                0x000007a9       0x32 c:/program files (x86)/gnu arm embedded toolchain/9 2020-q2-update/bin/../lib/gcc/arm-none-eabi/9.3.1/../../../../arm-none-eabi/lib/thumb/v7e-m+dp/hard\libc.a(lib_a-lock.o)
 .ARM.attributes
                0x000007db       0x32 c:/program files (x86)/gnu arm embedded toolchain/9 2020-q2-update/bin/../lib/gcc/arm-none-eabi/9.3.1/../../../../arm-none-eabi/lib/thumb/v7e-m+dp/hard\libc.a(lib_a-reent.o)
 .ARM.attributes
                0x0000080d       0x32 c:/program files (x86)/gnu arm embedded toolchain/9 2020-q2-update/bin/../lib/gcc/arm-none-eabi/9.3.1/../../../../arm-none-eabi/lib/thumb/v7e-m+dp/hard\libc.a(lib_a-__atexit.o)
 .ARM.attributes
                0x0000083f       0x32 c:/program files (x86)/gnu arm embedded toolchain/9 2020-q2-update/bin/../lib/gcc/arm-none-eabi/9.3.1/../../../../arm-none-eabi/lib/thumb/v7e-m+dp/hard\libnosys.a(sbrk.o)
 .ARM.attributes
                0x00000871       0x1e c:/program files (x86)/gnu arm embedded toolchain/9 2020-q2-update/bin/../lib/gcc/arm-none-eabi/9.3.1/thumb/v7e-m+dp/hard\libgcc.a(_aeabi_uldivmod.o)
 .ARM.attributes
                0x0000088f       0x32 c:/program files (x86)/gnu arm embedded toolchain/9 2020-q2-update/bin/../lib/gcc/arm-none-eabi/9.3.1/thumb/v7e-m+dp/hard\libgcc.a(_udivmoddi4.o)
 .ARM.attributes
                0x000008c1       0x1e c:/program files (x86)/gnu arm embedded toolchain/9 2020-q2-update/bin/../lib/gcc/arm-none-eabi/9.3.1/thumb/v7e-m+dp/hard\libgcc.a(_dvmd_tls.o)
 .ARM.attributes
                0x000008df       0x1e c:/program files (x86)/gnu arm embedded toolchain/9 2020-q2-update/bin/../lib/gcc/arm-none-eabi/9.3.1/thumb/v7e-m+dp/hard/crtn.o
OUTPUT(build/H7Bootloader.elf elf32-littlearm)
LOAD linker stubs
LOAD c:/program files (x86)/gnu arm embedded toolchain/9 2020-q2-update/bin/../lib/gcc/arm-none-eabi/9.3.1/../../../../arm-none-eabi/lib/thumb/v7e-m+dp/hard\libc.a
LOAD c:/program files (x86)/gnu arm embedded toolchain/9 2020-q2-update/bin/../lib/gcc/arm-none-eabi/9.3.1/../../../../arm-none-eabi/lib/thumb/v7e-m+dp/hard\libm.a
LOAD c:/program files (x86)/gnu arm embedded toolchain/9 2020-q2-update/bin/../lib/gcc/arm-none-eabi/9.3.1/thumb/v7e-m+dp/hard\libgcc.a

.debug_info     0x00000000    0x337bc
 .debug_info    0x00000000     0x2457 build/stm32h7xx_hal.o
 .debug_info    0x00002457     0x20af build/stm32h7xx_hal_cortex.o
 .debug_info    0x00004506     0x3b8b build/stm32h7xx_hal_eth.o
 .debug_info    0x00008091     0x1a8c build/stm32h7xx_hal_gpio.o
 .debug_info    0x00009b1d     0x2712 build/stm32h7xx_hal_pcd.o
 .debug_info    0x0000c22f     0x166c build/stm32h7xx_hal_pcd_ex.o
 .debug_info    0x0000d89b     0x1f02 build/stm32h7xx_hal_pwr_ex.o
 .debug_info    0x0000f79d     0x1f12 build/stm32h7xx_hal_rcc.o
 .debug_info    0x000116af     0x275b build/stm32h7xx_hal_rcc_ex.o
 .debug_info    0x00013e0a     0x335e build/stm32h7xx_hal_uart.o
 .debug_info    0x00017168     0x1994 build/stm32h7xx_hal_uart_ex.o
 .debug_info    0x00018afc     0x2cab build/stm32h7xx_ll_usb.o
 .debug_info    0x0001b7a7     0x17a1 build/usbd_hid.o
 .debug_info    0x0001cf48     0x1aea build/usbd_core.o
 .debug_info    0x0001ea32     0x1f72 build/usbd_ctlreq.o
 .debug_info    0x000209a4     0x14c7 build/usbd_ioreq.o
 .debug_info    0x00021e6b     0x25a2 build/eth.o
 .debug_info    0x0002440d     0x141e build/gpio.o
 .debug_info    0x0002582b     0x2eb7 build/main.o
 .debug_info    0x000286e2     0x111b build/stm32h7xx_hal_msp.o
 .debug_info    0x000297fd     0x1303 build/stm32h7xx_it.o
 .debug_info    0x0002ab00     0x1a31 build/system_stm32h7xx.o
 .debug_info    0x0002c531     0x1b30 build/usart.o
 .debug_info    0x0002e061     0x128a build/usb_device.o
 .debug_info    0x0002f2eb     0x32b7 build/usbd_conf.o
 .debug_info    0x000325a2     0x11f8 build/usbd_desc.o
 .debug_info    0x0003379a       0x22 build/startup_stm32h743xx.o

.debug_abbrev   0x00000000     0x5330
 .debug_abbrev  0x00000000      0x359 build/stm32h7xx_hal.o
 .debug_abbrev  0x00000359      0x493 build/stm32h7xx_hal_cortex.o
 .debug_abbrev  0x000007ec      0x368 build/stm32h7xx_hal_eth.o
 .debug_abbrev  0x00000b54      0x350 build/stm32h7xx_hal_gpio.o
 .debug_abbrev  0x00000ea4      0x3b8 build/stm32h7xx_hal_pcd.o
 .debug_abbrev  0x0000125c      0x371 build/stm32h7xx_hal_pcd_ex.o
 .debug_abbrev  0x000015cd      0x3a9 build/stm32h7xx_hal_pwr_ex.o
 .debug_abbrev  0x00001976      0x339 build/stm32h7xx_hal_rcc.o
 .debug_abbrev  0x00001caf      0x37a build/stm32h7xx_hal_rcc_ex.o
 .debug_abbrev  0x00002029      0x394 build/stm32h7xx_hal_uart.o
 .debug_abbrev  0x000023bd      0x346 build/stm32h7xx_hal_uart_ex.o
 .debug_abbrev  0x00002703      0x3fe build/stm32h7xx_ll_usb.o
 .debug_abbrev  0x00002b01      0x358 build/usbd_hid.o
 .debug_abbrev  0x00002e59      0x34f build/usbd_core.o
 .debug_abbrev  0x000031a8      0x43a build/usbd_ctlreq.o
 .debug_abbrev  0x000035e2      0x258 build/usbd_ioreq.o
 .debug_abbrev  0x0000383a      0x2fe build/eth.o
 .debug_abbrev  0x00003b38      0x266 build/gpio.o
 .debug_abbrev  0x00003d9e      0x302 build/main.o
 .debug_abbrev  0x000040a0      0x22a build/stm32h7xx_hal_msp.o
 .debug_abbrev  0x000042ca      0x25a build/stm32h7xx_it.o
 .debug_abbrev  0x00004524      0x263 build/system_stm32h7xx.o
 .debug_abbrev  0x00004787      0x2a8 build/usart.o
 .debug_abbrev  0x00004a2f      0x262 build/usb_device.o
 .debug_abbrev  0x00004c91      0x34f build/usbd_conf.o
 .debug_abbrev  0x00004fe0      0x33e build/usbd_desc.o
 .debug_abbrev  0x0000531e       0x12 build/startup_stm32h743xx.o

.debug_loc      0x00000000    0x1141e
 .debug_loc     0x00000000      0x582 build/stm32h7xx_hal.o
 .debug_loc     0x00000582      0x7b6 build/stm32h7xx_hal_cortex.o
 .debug_loc     0x00000d38     0x2379 build/stm32h7xx_hal_eth.o
 .debug_loc     0x000030b1      0x44b build/stm32h7xx_hal_gpio.o
 .debug_loc     0x000034fc     0x1516 build/stm32h7xx_hal_pcd.o
 .debug_loc     0x00004a12      0x265 build/stm32h7xx_hal_pcd_ex.o
 .debug_loc     0x00004c77      0x5ba build/stm32h7xx_hal_pwr_ex.o
 .debug_loc     0x00005231      0xa71 build/stm32h7xx_hal_rcc.o
 .debug_loc     0x00005ca2     0x1aad build/stm32h7xx_hal_rcc_ex.o
 .debug_loc     0x0000774f     0x269b build/stm32h7xx_hal_uart.o
 .debug_loc     0x00009dea      0x6d6 build/stm32h7xx_hal_uart_ex.o
 .debug_loc     0x0000a4c0     0x279e build/stm32h7xx_ll_usb.o
 .debug_loc     0x0000cc5e      0x773 build/usbd_hid.o
 .debug_loc     0x0000d3d1      0xbdb build/usbd_core.o
 .debug_loc     0x0000dfac     0x1865 build/usbd_ctlreq.o
 .debug_loc     0x0000f811      0x398 build/usbd_ioreq.o
 .debug_loc     0x0000fba9      0x10a build/eth.o
 .debug_loc     0x0000fcb3       0x39 build/gpio.o
 .debug_loc     0x0000fcec       0x79 build/main.o
 .debug_loc     0x0000fd65       0x2c build/stm32h7xx_hal_msp.o
 .debug_loc     0x0000fd91       0x40 build/stm32h7xx_it.o
 .debug_loc     0x0000fdd1      0x1a9 build/system_stm32h7xx.o
 .debug_loc     0x0000ff7a      0x108 build/usart.o
 .debug_loc     0x00010082       0x20 build/usb_device.o
 .debug_loc     0x000100a2      0xf01 build/usbd_conf.o
 .debug_loc     0x00010fa3      0x47b build/usbd_desc.o

.debug_aranges  0x00000000     0x1230
 .debug_aranges
                0x00000000      0x1b8 build/stm32h7xx_hal.o
 .debug_aranges
                0x000001b8       0xb0 build/stm32h7xx_hal_cortex.o
 .debug_aranges
                0x00000268      0x1b0 build/stm32h7xx_hal_eth.o
 .debug_aranges
                0x00000418       0x58 build/stm32h7xx_hal_gpio.o
 .debug_aranges
                0x00000470      0x130 build/stm32h7xx_hal_pcd.o
 .debug_aranges
                0x000005a0       0x60 build/stm32h7xx_hal_pcd_ex.o
 .debug_aranges
                0x00000600      0x158 build/stm32h7xx_hal_pwr_ex.o
 .debug_aranges
                0x00000758       0x88 build/stm32h7xx_hal_rcc.o
 .debug_aranges
                0x000007e0       0xf8 build/stm32h7xx_hal_rcc_ex.o
 .debug_aranges
                0x000008d8      0x230 build/stm32h7xx_hal_uart.o
 .debug_aranges
                0x00000b08       0x88 build/stm32h7xx_hal_uart_ex.o
 .debug_aranges
                0x00000b90      0x198 build/stm32h7xx_ll_usb.o
 .debug_aranges
                0x00000d28       0x68 build/usbd_hid.o
 .debug_aranges
                0x00000d90       0xb8 build/usbd_core.o
 .debug_aranges
                0x00000e48       0x88 build/usbd_ctlreq.o
 .debug_aranges
                0x00000ed0       0x50 build/usbd_ioreq.o
 .debug_aranges
                0x00000f20       0x30 build/eth.o
 .debug_aranges
                0x00000f50       0x20 build/gpio.o
 .debug_aranges
                0x00000f70       0x38 build/main.o
 .debug_aranges
                0x00000fa8       0x20 build/stm32h7xx_hal_msp.o
 .debug_aranges
                0x00000fc8       0x68 build/stm32h7xx_it.o
 .debug_aranges
                0x00001030       0x28 build/system_stm32h7xx.o
 .debug_aranges
                0x00001058       0x30 build/usart.o
 .debug_aranges
                0x00001088       0x20 build/usb_device.o
 .debug_aranges
                0x000010a8      0x100 build/usbd_conf.o
 .debug_aranges
                0x000011a8       0x60 build/usbd_desc.o
 .debug_aranges
                0x00001208       0x28 build/startup_stm32h743xx.o

.debug_ranges   0x00000000     0x1158
 .debug_ranges  0x00000000      0x1a8 build/stm32h7xx_hal.o
 .debug_ranges  0x000001a8      0x100 build/stm32h7xx_hal_cortex.o
 .debug_ranges  0x000002a8      0x1a0 build/stm32h7xx_hal_eth.o
 .debug_ranges  0x00000448       0x48 build/stm32h7xx_hal_gpio.o
 .debug_ranges  0x00000490      0x120 build/stm32h7xx_hal_pcd.o
 .debug_ranges  0x000005b0       0x50 build/stm32h7xx_hal_pcd_ex.o
 .debug_ranges  0x00000600      0x148 build/stm32h7xx_hal_pwr_ex.o
 .debug_ranges  0x00000748       0xe8 build/stm32h7xx_hal_rcc.o
 .debug_ranges  0x00000830       0xe8 build/stm32h7xx_hal_rcc_ex.o
 .debug_ranges  0x00000918      0x220 build/stm32h7xx_hal_uart.o
 .debug_ranges  0x00000b38       0x78 build/stm32h7xx_hal_uart_ex.o
 .debug_ranges  0x00000bb0      0x188 build/stm32h7xx_ll_usb.o
 .debug_ranges  0x00000d38       0x58 build/usbd_hid.o
 .debug_ranges  0x00000d90       0xa8 build/usbd_core.o
 .debug_ranges  0x00000e38       0x78 build/usbd_ctlreq.o
 .debug_ranges  0x00000eb0       0x40 build/usbd_ioreq.o
 .debug_ranges  0x00000ef0       0x20 build/eth.o
 .debug_ranges  0x00000f10       0x10 build/gpio.o
 .debug_ranges  0x00000f20       0x28 build/main.o
 .debug_ranges  0x00000f48       0x10 build/stm32h7xx_hal_msp.o
 .debug_ranges  0x00000f58       0x58 build/stm32h7xx_it.o
 .debug_ranges  0x00000fb0       0x18 build/system_stm32h7xx.o
 .debug_ranges  0x00000fc8       0x20 build/usart.o
 .debug_ranges  0x00000fe8       0x10 build/usb_device.o
 .debug_ranges  0x00000ff8       0xf0 build/usbd_conf.o
 .debug_ranges  0x000010e8       0x50 build/usbd_desc.o
 .debug_ranges  0x00001138       0x20 build/startup_stm32h743xx.o

.debug_line     0x00000000    0x138dc
 .debug_line    0x00000000      0xa6b build/stm32h7xx_hal.o
 .debug_line    0x00000a6b      0x90a build/stm32h7xx_hal_cortex.o
 .debug_line    0x00001375     0x2102 build/stm32h7xx_hal_eth.o
 .debug_line    0x00003477      0x85a build/stm32h7xx_hal_gpio.o
 .debug_line    0x00003cd1     0x14b2 build/stm32h7xx_hal_pcd.o
 .debug_line    0x00005183      0x614 build/stm32h7xx_hal_pcd_ex.o
 .debug_line    0x00005797      0xb70 build/stm32h7xx_hal_pwr_ex.o
 .debug_line    0x00006307     0x12f4 build/stm32h7xx_hal_rcc.o
 .debug_line    0x000075fb     0x1c22 build/stm32h7xx_hal_rcc_ex.o
 .debug_line    0x0000921d     0x2a15 build/stm32h7xx_hal_uart.o
 .debug_line    0x0000bc32      0x8d8 build/stm32h7xx_hal_uart_ex.o
 .debug_line    0x0000c50a     0x1c7b build/stm32h7xx_ll_usb.o
 .debug_line    0x0000e185      0x750 build/usbd_hid.o
 .debug_line    0x0000e8d5      0x9cb build/usbd_core.o
 .debug_line    0x0000f2a0      0xe8b build/usbd_ctlreq.o
 .debug_line    0x0001012b      0x4ad build/usbd_ioreq.o
 .debug_line    0x000105d8      0x52a build/eth.o
 .debug_line    0x00010b02      0x3ea build/gpio.o
 .debug_line    0x00010eec      0x577 build/main.o
 .debug_line    0x00011463      0x31d build/stm32h7xx_hal_msp.o
 .debug_line    0x00011780      0x439 build/stm32h7xx_it.o
 .debug_line    0x00011bb9      0x558 build/system_stm32h7xx.o
 .debug_line    0x00012111      0x495 build/usart.o
 .debug_line    0x000125a6      0x3fe build/usb_device.o
 .debug_line    0x000129a4      0x96a build/usbd_conf.o
 .debug_line    0x0001330e      0x559 build/usbd_desc.o
 .debug_line    0x00013867       0x75 build/startup_stm32h743xx.o

.debug_str      0x00000000     0x75fc
 .debug_str     0x00000000     0x19f5 build/stm32h7xx_hal.o
                               0x1ae6 (size before relaxing)
 .debug_str     0x000019f5      0x563 build/stm32h7xx_hal_cortex.o
                               0x169f (size before relaxing)
 .debug_str     0x00001f58     0x1370 build/stm32h7xx_hal_eth.o
                               0x1f5b (size before relaxing)
 .debug_str     0x000032c8      0x17e build/stm32h7xx_hal_gpio.o
                                0xd3c (size before relaxing)
 .debug_str     0x00003446      0xb22 build/stm32h7xx_hal_pcd.o
                               0x13c1 (size before relaxing)
 .debug_str     0x00003f68      0x1ac build/stm32h7xx_hal_pcd_ex.o
                                0xe12 (size before relaxing)
 .debug_str     0x00004114      0x58d build/stm32h7xx_hal_pwr_ex.o
                               0x10ad (size before relaxing)
 .debug_str     0x000046a1      0x48f build/stm32h7xx_hal_rcc.o
                               0x1036 (size before relaxing)
 .debug_str     0x00004b30      0x903 build/stm32h7xx_hal_rcc_ex.o
                               0x1537 (size before relaxing)
 .debug_str     0x00005433      0xd1f build/stm32h7xx_hal_uart.o
                               0x198e (size before relaxing)
 .debug_str     0x00006152      0x21f build/stm32h7xx_hal_uart_ex.o
                               0x1072 (size before relaxing)
 .debug_str     0x00006371      0x427 build/stm32h7xx_ll_usb.o
                               0x12f8 (size before relaxing)
 .debug_str     0x00006798      0x5f6 build/usbd_hid.o
                                0xeab (size before relaxing)
 .debug_str     0x00006d8e      0x2a1 build/usbd_core.o
                                0xed8 (size before relaxing)
 .debug_str     0x0000702f      0x136 build/usbd_ctlreq.o
                                0xe2a (size before relaxing)
 .debug_str     0x00007165       0x76 build/usbd_ioreq.o
                                0xd1f (size before relaxing)
 .debug_str     0x000071db       0x61 build/eth.o
                               0x13f0 (size before relaxing)
 .debug_str     0x0000723c       0x18 build/gpio.o
                                0xb06 (size before relaxing)
 .debug_str     0x00007254       0x6e build/main.o
                               0x1c15 (size before relaxing)
 .debug_str     0x000072c2       0x18 build/stm32h7xx_hal_msp.o
                                0xa69 (size before relaxing)
 .debug_str     0x000072da       0xc5 build/stm32h7xx_it.o
                                0xc92 (size before relaxing)
 .debug_str     0x0000739f       0x38 build/system_stm32h7xx.o
                                0xd65 (size before relaxing)
 .debug_str     0x000073d7       0x17 build/usart.o
                               0x10b0 (size before relaxing)
 .debug_str     0x000073ee       0x26 build/usb_device.o
                                0xc91 (size before relaxing)
 .debug_str     0x00007414       0x62 build/usbd_conf.o
                               0x20ce (size before relaxing)
 .debug_str     0x00007476      0x162 build/usbd_desc.o
                                0xabe (size before relaxing)
 .debug_str     0x000075d8       0x24 build/startup_stm32h743xx.o
                                 0x51 (size before relaxing)

.comment        0x00000000       0x4c
 .comment       0x00000000       0x4c build/stm32h7xx_hal.o
                                 0x4d (size before relaxing)
 .comment       0x0000004c       0x4d build/stm32h7xx_hal_cortex.o
 .comment       0x0000004c       0x4d build/stm32h7xx_hal_eth.o
 .comment       0x0000004c       0x4d build/stm32h7xx_hal_gpio.o
 .comment       0x0000004c       0x4d build/stm32h7xx_hal_pcd.o
 .comment       0x0000004c       0x4d build/stm32h7xx_hal_pcd_ex.o
 .comment       0x0000004c       0x4d build/stm32h7xx_hal_pwr_ex.o
 .comment       0x0000004c       0x4d build/stm32h7xx_hal_rcc.o
 .comment       0x0000004c       0x4d build/stm32h7xx_hal_rcc_ex.o
 .comment       0x0000004c       0x4d build/stm32h7xx_hal_uart.o
 .comment       0x0000004c       0x4d build/stm32h7xx_hal_uart_ex.o
 .comment       0x0000004c       0x4d build/stm32h7xx_ll_usb.o
 .comment       0x0000004c       0x4d build/usbd_hid.o
 .comment       0x0000004c       0x4d build/usbd_core.o
 .comment       0x0000004c       0x4d build/usbd_ctlreq.o
 .comment       0x0000004c       0x4d build/usbd_ioreq.o
 .comment       0x0000004c       0x4d build/eth.o
 .comment       0x0000004c       0x4d build/gpio.o
 .comment       0x0000004c       0x4d build/main.o
 .comment       0x0000004c       0x4d build/stm32h7xx_hal_msp.o
 .comment       0x0000004c       0x4d build/stm32h7xx_it.o
 .comment       0x0000004c       0x4d build/system_stm32h7xx.o
 .comment       0x0000004c       0x4d build/usart.o
 .comment       0x0000004c       0x4d build/usb_device.o
 .comment       0x0000004c       0x4d build/usbd_conf.o
 .comment       0x0000004c       0x4d build/usbd_desc.o

.debug_frame    0x00000000     0x31a4
 .debug_frame   0x00000000      0x3c8 build/stm32h7xx_hal.o
 .debug_frame   0x000003c8      0x16c build/stm32h7xx_hal_cortex.o
 .debug_frame   0x00000534      0x4bc build/stm32h7xx_hal_eth.o
 .debug_frame   0x000009f0       0xe4 build/stm32h7xx_hal_gpio.o
 .debug_frame   0x00000ad4      0x364 build/stm32h7xx_hal_pcd.o
 .debug_frame   0x00000e38       0xb8 build/stm32h7xx_hal_pcd_ex.o
 .debug_frame   0x00000ef0      0x2f0 build/stm32h7xx_hal_pwr_ex.o
 .debug_frame   0x000011e0      0x18c build/stm32h7xx_hal_rcc.o
 .debug_frame   0x0000136c      0x284 build/stm32h7xx_hal_rcc_ex.o
 .debug_frame   0x000015f0      0x62c build/stm32h7xx_hal_uart.o
 .debug_frame   0x00001c1c      0x15c build/stm32h7xx_hal_uart_ex.o
 .debug_frame   0x00001d78      0x49c build/stm32h7xx_ll_usb.o
 .debug_frame   0x00002214       0xe0 build/usbd_hid.o
 .debug_frame   0x000022f4      0x1d4 build/usbd_core.o
 .debug_frame   0x000024c8      0x180 build/usbd_ctlreq.o
 .debug_frame   0x00002648       0xb8 build/usbd_ioreq.o
 .debug_frame   0x00002700       0x64 build/eth.o
 .debug_frame   0x00002764       0x38 build/gpio.o
 .debug_frame   0x0000279c       0x70 build/main.o
 .debug_frame   0x0000280c       0x28 build/stm32h7xx_hal_msp.o
 .debug_frame   0x00002834       0xc0 build/stm32h7xx_it.o
 .debug_frame   0x000028f4       0x3c build/system_stm32h7xx.o
 .debug_frame   0x00002930       0x60 build/usart.o
 .debug_frame   0x00002990       0x28 build/usb_device.o
 .debug_frame   0x000029b8      0x2c4 build/usbd_conf.o
 .debug_frame   0x00002c7c       0xe0 build/usbd_desc.o
 .debug_frame   0x00002d5c       0x2c c:/program files (x86)/gnu arm embedded toolchain/9 2020-q2-update/bin/../lib/gcc/arm-none-eabi/9.3.1/../../../../arm-none-eabi/lib/thumb/v7e-m+dp/hard\libc.a(lib_a-init.o)
 .debug_frame   0x00002d88       0x30 c:/program files (x86)/gnu arm embedded toolchain/9 2020-q2-update/bin/../lib/gcc/arm-none-eabi/9.3.1/../../../../arm-none-eabi/lib/thumb/v7e-m+dp/hard\libc.a(lib_a-malloc.o)
 .debug_frame   0x00002db8       0x4c c:/program files (x86)/gnu arm embedded toolchain/9 2020-q2-update/bin/../lib/gcc/arm-none-eabi/9.3.1/../../../../arm-none-eabi/lib/thumb/v7e-m+dp/hard\libc.a(lib_a-mallocr.o)
 .debug_frame   0x00002e04       0x38 c:/program files (x86)/gnu arm embedded toolchain/9 2020-q2-update/bin/../lib/gcc/arm-none-eabi/9.3.1/../../../../arm-none-eabi/lib/thumb/v7e-m+dp/hard\libc.a(lib_a-memset.o)
 .debug_frame   0x00002e3c       0x30 c:/program files (x86)/gnu arm embedded toolchain/9 2020-q2-update/bin/../lib/gcc/arm-none-eabi/9.3.1/../../../../arm-none-eabi/lib/thumb/v7e-m+dp/hard\libc.a(lib_a-mlock.o)
 .debug_frame   0x00002e6c       0x2c c:/program files (x86)/gnu arm embedded toolchain/9 2020-q2-update/bin/../lib/gcc/arm-none-eabi/9.3.1/../../../../arm-none-eabi/lib/thumb/v7e-m+dp/hard\libc.a(lib_a-sbrkr.o)
 .debug_frame   0x00002e98       0x68 c:/program files (x86)/gnu arm embedded toolchain/9 2020-q2-update/bin/../lib/gcc/arm-none-eabi/9.3.1/../../../../arm-none-eabi/lib/thumb/v7e-m+dp/hard\libc.a(lib_a-__call_atexit.o)
 .debug_frame   0x00002f00       0x20 c:/program files (x86)/gnu arm embedded toolchain/9 2020-q2-update/bin/../lib/gcc/arm-none-eabi/9.3.1/../../../../arm-none-eabi/lib/thumb/v7e-m+dp/hard\libc.a(lib_a-atexit.o)
 .debug_frame   0x00002f20       0x34 c:/program files (x86)/gnu arm embedded toolchain/9 2020-q2-update/bin/../lib/gcc/arm-none-eabi/9.3.1/../../../../arm-none-eabi/lib/thumb/v7e-m+dp/hard\libc.a(lib_a-fini.o)
 .debug_frame   0x00002f54       0x8c c:/program files (x86)/gnu arm embedded toolchain/9 2020-q2-update/bin/../lib/gcc/arm-none-eabi/9.3.1/../../../../arm-none-eabi/lib/thumb/v7e-m+dp/hard\libc.a(lib_a-freer.o)
 .debug_frame   0x00002fe0       0xb0 c:/program files (x86)/gnu arm embedded toolchain/9 2020-q2-update/bin/../lib/gcc/arm-none-eabi/9.3.1/../../../../arm-none-eabi/lib/thumb/v7e-m+dp/hard\libc.a(lib_a-lock.o)
 .debug_frame   0x00003090       0x60 c:/program files (x86)/gnu arm embedded toolchain/9 2020-q2-update/bin/../lib/gcc/arm-none-eabi/9.3.1/../../../../arm-none-eabi/lib/thumb/v7e-m+dp/hard\libc.a(lib_a-reent.o)
 .debug_frame   0x000030f0       0x34 c:/program files (x86)/gnu arm embedded toolchain/9 2020-q2-update/bin/../lib/gcc/arm-none-eabi/9.3.1/../../../../arm-none-eabi/lib/thumb/v7e-m+dp/hard\libc.a(lib_a-__atexit.o)
 .debug_frame   0x00003124       0x20 c:/program files (x86)/gnu arm embedded toolchain/9 2020-q2-update/bin/../lib/gcc/arm-none-eabi/9.3.1/../../../../arm-none-eabi/lib/thumb/v7e-m+dp/hard\libnosys.a(sbrk.o)
 .debug_frame   0x00003144       0x2c c:/program files (x86)/gnu arm embedded toolchain/9 2020-q2-update/bin/../lib/gcc/arm-none-eabi/9.3.1/thumb/v7e-m+dp/hard\libgcc.a(_aeabi_uldivmod.o)
 .debug_frame   0x00003170       0x34 c:/program files (x86)/gnu arm embedded toolchain/9 2020-q2-update/bin/../lib/gcc/arm-none-eabi/9.3.1/thumb/v7e-m+dp/hard\libgcc.a(_udivmoddi4.o)

Cross Reference Table

Symbol                                            File
ADC3_IRQHandler                                   build/startup_stm32h743xx.o
ADC_IRQHandler                                    build/startup_stm32h743xx.o
BDMA_Channel0_IRQHandler                          build/startup_stm32h743xx.o
BDMA_Channel1_IRQHandler                          build/startup_stm32h743xx.o
BDMA_Channel2_IRQHandler                          build/startup_stm32h743xx.o
BDMA_Channel3_IRQHandler                          build/startup_stm32h743xx.o
BDMA_Channel4_IRQHandler                          build/startup_stm32h743xx.o
BDMA_Channel5_IRQHandler                          build/startup_stm32h743xx.o
BDMA_Channel6_IRQHandler                          build/startup_stm32h743xx.o
BDMA_Channel7_IRQHandler                          build/startup_stm32h743xx.o
BusFault_Handler                                  build/stm32h7xx_it.o
CEC_IRQHandler                                    build/startup_stm32h743xx.o
COMP1_IRQHandler                                  build/startup_stm32h743xx.o
CRS_IRQHandler                                    build/startup_stm32h743xx.o
D1CorePrescTable                                  build/system_stm32h7xx.o
                                                  build/stm32h7xx_hal_rcc_ex.o
                                                  build/stm32h7xx_hal_rcc.o
                                                  build/stm32h7xx_hal.o
DCMI_IRQHandler                                   build/startup_stm32h743xx.o
DFSDM1_FLT0_IRQHandler                            build/startup_stm32h743xx.o
DFSDM1_FLT1_IRQHandler                            build/startup_stm32h743xx.o
DFSDM1_FLT2_IRQHandler                            build/startup_stm32h743xx.o
DFSDM1_FLT3_IRQHandler                            build/startup_stm32h743xx.o
DMA1_Stream0_IRQHandler                           build/startup_stm32h743xx.o
DMA1_Stream1_IRQHandler                           build/startup_stm32h743xx.o
DMA1_Stream2_IRQHandler                           build/startup_stm32h743xx.o
DMA1_Stream3_IRQHandler                           build/startup_stm32h743xx.o
DMA1_Stream4_IRQHandler                           build/startup_stm32h743xx.o
DMA1_Stream5_IRQHandler                           build/startup_stm32h743xx.o
DMA1_Stream6_IRQHandler                           build/startup_stm32h743xx.o
DMA1_Stream7_IRQHandler                           build/startup_stm32h743xx.o
DMA2D_IRQHandler                                  build/startup_stm32h743xx.o
DMA2_Stream0_IRQHandler                           build/startup_stm32h743xx.o
DMA2_Stream1_IRQHandler                           build/startup_stm32h743xx.o
DMA2_Stream2_IRQHandler                           build/startup_stm32h743xx.o
DMA2_Stream3_IRQHandler                           build/startup_stm32h743xx.o
DMA2_Stream4_IRQHandler                           build/startup_stm32h743xx.o
DMA2_Stream5_IRQHandler                           build/startup_stm32h743xx.o
DMA2_Stream6_IRQHandler                           build/startup_stm32h743xx.o
DMA2_Stream7_IRQHandler                           build/startup_stm32h743xx.o
DMAMUX1_OVR_IRQHandler                            build/startup_stm32h743xx.o
DMAMUX2_OVR_IRQHandler                            build/startup_stm32h743xx.o
DMARxDscrTab                                      build/eth.o
DMATxDscrTab                                      build/eth.o
DebugMon_Handler                                  build/stm32h7xx_it.o
Default_Handler                                   build/startup_stm32h743xx.o
ECC_IRQHandler                                    build/startup_stm32h743xx.o
ETH_IRQHandler                                    build/startup_stm32h743xx.o
ETH_WKUP_IRQHandler                               build/startup_stm32h743xx.o
EXTI0_IRQHandler                                  build/startup_stm32h743xx.o
EXTI15_10_IRQHandler                              build/startup_stm32h743xx.o
EXTI1_IRQHandler                                  build/startup_stm32h743xx.o
EXTI2_IRQHandler                                  build/startup_stm32h743xx.o
EXTI3_IRQHandler                                  build/startup_stm32h743xx.o
EXTI4_IRQHandler                                  build/startup_stm32h743xx.o
EXTI9_5_IRQHandler                                build/startup_stm32h743xx.o
Error_Handler                                     build/main.o
                                                  build/usbd_conf.o
                                                  build/usb_device.o
                                                  build/usart.o
                                                  build/eth.o
FDCAN1_IT0_IRQHandler                             build/startup_stm32h743xx.o
FDCAN1_IT1_IRQHandler                             build/startup_stm32h743xx.o
FDCAN2_IT0_IRQHandler                             build/startup_stm32h743xx.o
FDCAN2_IT1_IRQHandler                             build/startup_stm32h743xx.o
FDCAN_CAL_IRQHandler                              build/startup_stm32h743xx.o
FLASH_CRC_WaitForLastOperation                    build/stm32h7xx_hal_flash.o
                                                  build/stm32h7xx_hal_flash_ex.o
FLASH_Erase_Sector                                build/stm32h7xx_hal_flash_ex.o
                                                  build/stm32h7xx_hal_flash.o
FLASH_IRQHandler                                  build/startup_stm32h743xx.o
FLASH_OB_WaitForLastOperation                     build/stm32h7xx_hal_flash.o
                                                  build/stm32h7xx_hal_flash_ex.o
FLASH_WaitForLastOperation                        build/stm32h7xx_hal_flash.o
                                                  build/stm32h7xx_hal_flash_ex.o
FMC_IRQHandler                                    build/startup_stm32h743xx.o
FPU_IRQHandler                                    build/startup_stm32h743xx.o
FS_Desc                                           build/usbd_desc.o
                                                  build/usb_device.o
HAL_DBGMCU_DisableDBGSleepMode                    build/stm32h7xx_hal.o
HAL_DBGMCU_DisableDBGStandbyMode                  build/stm32h7xx_hal.o
HAL_DBGMCU_DisableDBGStopMode                     build/stm32h7xx_hal.o
HAL_DBGMCU_EnableDBGSleepMode                     build/stm32h7xx_hal.o
HAL_DBGMCU_EnableDBGStandbyMode                   build/stm32h7xx_hal.o
HAL_DBGMCU_EnableDBGStopMode                      build/stm32h7xx_hal.o
HAL_DMAEx_ChangeMemory                            build/stm32h7xx_hal_dma_ex.o
HAL_DMAEx_ConfigMuxRequestGenerator               build/stm32h7xx_hal_dma_ex.o
HAL_DMAEx_ConfigMuxSync                           build/stm32h7xx_hal_dma_ex.o
HAL_DMAEx_DisableMuxRequestGenerator              build/stm32h7xx_hal_dma_ex.o